map 'https://fhir.dk.swisstph-mis.ch/matchbox/fhir//StructureMap/structuremap-emcare-encounter-emcareb.registration.e' = 'emcare-encounter-EmCareB.Registration.E'

uses 'https://fhir.dk.swisstph-mis.ch/matchbox/fhir//Questionnaire/questionnaire-emcareb.registration.e' alias 'emcareb.registration.e' as source
uses 'https://fhir.dk.swisstph-mis.ch/matchbox/fhir//Profile/profile-emcare-encounter' alias 'emcare-encounter' as target
group  main(
	source qr : 'emcareb.registration.e',
	target tgt : 'emcare-encounter'
) {
	qr.item as item then {
		item.answer first where item.linkId = 'EmCare.A.DE44' as a then { a -> tgt.participant.individual = a 'EmCare.A.DE44-1'; } 'EmCare.A.DE44';
		item.answer first where item.linkId = 'EmCare.B2.DE01' as a then { a -> tgt.type = a 'EmCare.B2.DE01-1'; } 'EmCare.B2.DE01';
		item.answer first where item.linkId = 'EmCare.B3.DE01' as a then { a -> tgt.reasonCode = a 'EmCare.B3.DE01-1'; } 'EmCare.B3.DE01';
		item.answer first where item.linkId = 'EmCare.B3.DE06' as a then { a -> tgt.type = a 'EmCare.B3.DE06-1'; } 'EmCare.B3.DE06';
		item.answer first where item.linkId = 'EmCare.B3.DE09' as a then { a -> tgt.extension('{{canocical_base}/Extension/refered}').valueBoolean = a 'EmCare.B3.DE09-1'; } 'EmCare.B3.DE09';
	} 'itemsemcareb.registration.e-emcare-encounter';
} 

