map 'https://fhir.dk.swisstph-mis.ch/matchbox/fhir/StructureMap/emcare.b7.lti-dangersigns' = 'emcare.b7.lti-dangersigns'
uses 'http://hl7.org/fhir/uv/sdc/StructureDefinition/sdc-questionnaireresponse' alias 'questionnaireResponse' as source
uses 'http://hl7.org/fhir/StructureDefinition/Bundle' alias 'Bundle' as target
uses 'https://fhir.dk.swisstph-mis.ch/matchbox/fhir/StructureDefinition/observation' alias 'Observation' as target
uses 'https://fhir.dk.swisstph-mis.ch/matchbox/fhir/StructureDefinition/emcareobservation' alias 'EmCare Observation' as produced
group bundletrans(source src : questionnaireResponse,target bundle : Bundle){
    src -> bundle.id = uuid() 'id';
    src -> bundle.type = 'batch' 'type';
    src where src.item.where(linkId='EmCare.B7.DE02').exists() then {
        src -> bundle.entry as entry, entry.request as request, request.method = 'POST', entry.resource = create('Observation') as tgt then emcareobservationemcareb7de02(src,tgt) 'act-EmCare.B7.DE02';
    } 'emcareobservation';
    src where src.item.where(linkId='EmCare.B7.DE03').exists() then {
        src -> bundle.entry as entry, entry.request as request, request.method = 'POST', entry.resource = create('Observation') as tgt then emcareobservationemcareb7de03(src,tgt) 'act-EmCare.B7.DE03';
    } 'emcareobservation';
    src where src.item.where(linkId='EmCare.B7.DE08b').exists() then {
        src -> bundle.entry as entry, entry.request as request, request.method = 'POST', entry.resource = create('Observation') as tgt then emcareobservationemcareb7de08b(src,tgt) 'act-EmCare.B7.DE08b';
    } 'emcareobservation';
    src where src.item.where(linkId='EmCare.B7.DE08').exists() then {
        src -> bundle.entry as entry, entry.request as request, request.method = 'POST', entry.resource = create('Observation') as tgt then emcareobservationemcareb7de08(src,tgt) 'act-EmCare.B7.DE08';
    } 'emcareobservation';
    src where src.item.where(linkId='EmCare.B7.DE08a').exists() then {
        src -> bundle.entry as entry, entry.request as request, request.method = 'POST', entry.resource = create('Observation') as tgt then emcareobservationemcareb7de08a(src,tgt) 'act-EmCare.B7.DE08a';
    } 'emcareobservation';
    src where src.item.where(linkId='EmCare.B7.DE09').exists() then {
        src -> bundle.entry as entry, entry.request as request, request.method = 'POST', entry.resource = create('Observation') as tgt then emcareobservationemcareb7de09(src,tgt) 'act-EmCare.B7.DE09';
    } 'emcareobservation';
    src where src.item.where(linkId='EmCare.B7.DE10').exists() then {
        src -> bundle.entry as entry, entry.request as request, request.method = 'POST', entry.resource = create('Observation') as tgt then emcareobservationemcareb7de10(src,tgt) 'act-EmCare.B7.DE10';
    } 'emcareobservation';
    src where src.item.where(linkId='EmCare.B7-B8-B9.DE01').exists() then {
        src -> bundle.entry as entry, entry.request as request, request.method = 'POST', entry.resource = create('Observation') as tgt then emcareobservationemcareb7b8b9de01(src,tgt) 'act-EmCare.B7-B8-B9.DE01';
    } 'emcareobservation';
}

group emcareobservationemcareb7de02(source src,target tgt){
        src -> tgt.identifier = create('Identifier') as CodeID,
            CodeID.system = 'http://hl7.org/fhir/namingsystem-identifier-type',
            CodeID.use =  'official',
            CodeID.value = 'uuid',
            CodeID.id = uuid()
         'id-emcareb7de02';
    src.encounter as encounter -> tgt.encounter = encounter '35bc6b82';
        src.subject as subject -> tgt.subject = subject,
            tgt.meta = create('Meta') as newMeta, newMeta.profile = 'https://fhir.dk.swisstph-mis.ch/matchbox/fhir/StructureDefinition/emcareobservation',
            tgt.code = create('CodeableConcept') as concept, concept.coding = create('Coding') as coding,
                coding.system = 'https://fhir.dk.swisstph-mis.ch/matchbox/fhir/CodeSystem/emcare-custom-codes',
                coding.code = 'EmCare.B7.DE02'
         'code-emcareb7de02';
    src.item as item where linkId  =  'timestamp' then {
        item.answer first as a then {
            a.value as val -> tgt.issued = val  '8945c96b';
        } '4272fc8b';
    } 'f4472f32';
    src.subject as subject -> tgt.subject = subject  'patient';
    src.item first as item  where linkId =  'EmCare.B7.DE02' then {
        item.answer first as a then {
            a  where a.value = 'yes' -> tgt.status = 'final'  'final-emcareb7de02';
             a  where a.value = 'no' -> tgt.status = 'cancelled'  'notfound-emcareb7de02';
        } 'an-emcareb7de02';
    } 'it-emcareb7de02';
}

group emcareobservationemcareb7de03(source src,target tgt){
        src -> tgt.identifier = create('Identifier') as CodeID,
            CodeID.system = 'http://hl7.org/fhir/namingsystem-identifier-type',
            CodeID.use =  'official',
            CodeID.value = 'uuid',
            CodeID.id = uuid()
         'id-emcareb7de03';
    src.encounter as encounter -> tgt.encounter = encounter '35bc6b82';
        src.subject as subject -> tgt.subject = subject,
            tgt.meta = create('Meta') as newMeta, newMeta.profile = 'https://fhir.dk.swisstph-mis.ch/matchbox/fhir/StructureDefinition/emcareobservation',
            tgt.code = create('CodeableConcept') as concept, concept.coding = create('Coding') as coding,
                coding.system = 'https://fhir.dk.swisstph-mis.ch/matchbox/fhir/CodeSystem/emcare-custom-codes',
                coding.code = 'EmCare.B7.DE03'
         'code-emcareb7de03';
    src.item as item where linkId  =  'timestamp' then {
        item.answer first as a then {
            a.value as val -> tgt.issued = val  '8945c96b';
        } '4272fc8b';
    } 'f4472f32';
    src.subject as subject -> tgt.subject = subject  'patient';
    src.item first as item  where linkId =  'EmCare.B7.DE03' then {
        item.answer first as a then {
            a  where a.value = 'yes' -> tgt.status = 'final'  'final-emcareb7de03';
             a  where a.value = 'no' -> tgt.status = 'cancelled'  'notfound-emcareb7de03';
        } 'an-emcareb7de03';
    } 'it-emcareb7de03';
}

group emcareobservationemcareb7de08b(source src,target tgt){
        src -> tgt.identifier = create('Identifier') as CodeID,
            CodeID.system = 'http://hl7.org/fhir/namingsystem-identifier-type',
            CodeID.use =  'official',
            CodeID.value = 'uuid',
            CodeID.id = uuid()
         'id-emcareb7de08b';
    src.encounter as encounter -> tgt.encounter = encounter '35bc6b82';
        src.subject as subject -> tgt.subject = subject,
            tgt.meta = create('Meta') as newMeta, newMeta.profile = 'https://fhir.dk.swisstph-mis.ch/matchbox/fhir/StructureDefinition/emcareobservation',
            tgt.code = create('CodeableConcept') as concept, concept.coding = create('Coding') as coding,
                coding.system = 'https://fhir.dk.swisstph-mis.ch/matchbox/fhir/CodeSystem/emcare-custom-codes',
                coding.code = 'EmCare.B7.DE08b'
         'code-emcareb7de08b';
    src.item as item where linkId  =  'timestamp' then {
        item.answer first as a then {
            a.value as val -> tgt.issued = val  '8945c96b';
        } '4272fc8b';
    } 'f4472f32';
    src.subject as subject -> tgt.subject = subject  'patient';
    src.item first as item  where linkId =  'EmCare.B7.DE08b' then {
        item.answer first as a then {
            a  where a.value = 'yes' -> tgt.status = 'final'  'final-emcareb7de08b';
             a  where a.value = 'no' -> tgt.status = 'cancelled'  'notfound-emcareb7de08b';
        } 'an-emcareb7de08b';
    } 'it-emcareb7de08b';
}

group emcareobservationemcareb7de08(source src,target tgt){
        src -> tgt.identifier = create('Identifier') as CodeID,
            CodeID.system = 'http://hl7.org/fhir/namingsystem-identifier-type',
            CodeID.use =  'official',
            CodeID.value = 'uuid',
            CodeID.id = uuid()
         'id-emcareb7de08';
    src.encounter as encounter -> tgt.encounter = encounter '35bc6b82';
        src.subject as subject -> tgt.subject = subject,
            tgt.meta = create('Meta') as newMeta, newMeta.profile = 'https://fhir.dk.swisstph-mis.ch/matchbox/fhir/StructureDefinition/emcareobservation',
            tgt.code = create('CodeableConcept') as concept, concept.coding = create('Coding') as coding,
                coding.system = 'https://fhir.dk.swisstph-mis.ch/matchbox/fhir/CodeSystem/emcare-custom-codes',
                coding.code = 'EmCare.B7.DE08'
         'code-emcareb7de08';
    src.item as item where linkId  =  'timestamp' then {
        item.answer first as a then {
            a.value as val -> tgt.issued = val  '8945c96b';
        } '4272fc8b';
    } 'f4472f32';
    src.subject as subject -> tgt.subject = subject  'patient';
    src.item first as item  where linkId =  'EmCare.B7.DE08' then {
        item.answer first as a then {
            a  where a.value = 'yes' -> tgt.status = 'final'  'final-emcareb7de08';
             a  where a.value = 'no' -> tgt.status = 'cancelled'  'notfound-emcareb7de08';
        } 'an-emcareb7de08';
    } 'it-emcareb7de08';
}

group emcareobservationemcareb7de08a(source src,target tgt){
        src -> tgt.identifier = create('Identifier') as CodeID,
            CodeID.system = 'http://hl7.org/fhir/namingsystem-identifier-type',
            CodeID.use =  'official',
            CodeID.value = 'uuid',
            CodeID.id = uuid()
         'id-emcareb7de08a';
    src.encounter as encounter -> tgt.encounter = encounter '35bc6b82';
        src.subject as subject -> tgt.subject = subject,
            tgt.meta = create('Meta') as newMeta, newMeta.profile = 'https://fhir.dk.swisstph-mis.ch/matchbox/fhir/StructureDefinition/emcareobservation',
            tgt.code = create('CodeableConcept') as concept, concept.coding = create('Coding') as coding,
                coding.system = 'https://fhir.dk.swisstph-mis.ch/matchbox/fhir/CodeSystem/emcare-custom-codes',
                coding.code = 'EmCare.B7.DE08a'
         'code-emcareb7de08a';
    src.item as item where linkId  =  'timestamp' then {
        item.answer first as a then {
            a.value as val -> tgt.issued = val  '8945c96b';
        } '4272fc8b';
    } 'f4472f32';
    src.subject as subject -> tgt.subject = subject  'patient';
    src.item first as item  where linkId =  'EmCare.B7.DE08a' then {
        item.answer first as a then {
            a  where a.value = 'yes' -> tgt.status = 'final'  'final-emcareb7de08a';
             a  where a.value = 'no' -> tgt.status = 'cancelled'  'notfound-emcareb7de08a';
        } 'an-emcareb7de08a';
    } 'it-emcareb7de08a';
}

group emcareobservationemcareb7de09(source src,target tgt){
        src -> tgt.identifier = create('Identifier') as CodeID,
            CodeID.system = 'http://hl7.org/fhir/namingsystem-identifier-type',
            CodeID.use =  'official',
            CodeID.value = 'uuid',
            CodeID.id = uuid()
         'id-emcareb7de09';
    src.encounter as encounter -> tgt.encounter = encounter '35bc6b82';
        src.subject as subject -> tgt.subject = subject,
            tgt.meta = create('Meta') as newMeta, newMeta.profile = 'https://fhir.dk.swisstph-mis.ch/matchbox/fhir/StructureDefinition/emcareobservation',
            tgt.code = create('CodeableConcept') as concept, concept.coding = create('Coding') as coding,
                coding.system = 'https://fhir.dk.swisstph-mis.ch/matchbox/fhir/CodeSystem/emcare-custom-codes',
                coding.code = 'EmCare.B7.DE09'
         'code-emcareb7de09';
    src.item as item where linkId  =  'timestamp' then {
        item.answer first as a then {
            a.value as val -> tgt.issued = val  '8945c96b';
        } '4272fc8b';
    } 'f4472f32';
    src.subject as subject -> tgt.subject = subject  'patient';
    src.item first as item  where linkId =  'EmCare.B7.DE09' then {
        item.answer first as a then {
            a  where a.value = 'yes' -> tgt.status = 'final'  'final-emcareb7de09';
             a  where a.value = 'no' -> tgt.status = 'cancelled'  'notfound-emcareb7de09';
        } 'an-emcareb7de09';
    } 'it-emcareb7de09';
}

group emcareobservationemcareb7de10(source src,target tgt){
        src -> tgt.identifier = create('Identifier') as CodeID,
            CodeID.system = 'http://hl7.org/fhir/namingsystem-identifier-type',
            CodeID.use =  'official',
            CodeID.value = 'uuid',
            CodeID.id = uuid()
         'id-emcareb7de10';
    src.encounter as encounter -> tgt.encounter = encounter '35bc6b82';
        src.subject as subject -> tgt.subject = subject,
            tgt.meta = create('Meta') as newMeta, newMeta.profile = 'https://fhir.dk.swisstph-mis.ch/matchbox/fhir/StructureDefinition/emcareobservation',
            tgt.code = create('CodeableConcept') as concept, concept.coding = create('Coding') as coding,
                coding.system = 'https://fhir.dk.swisstph-mis.ch/matchbox/fhir/CodeSystem/emcare-custom-codes',
                coding.code = 'EmCare.B7.DE10'
         'code-emcareb7de10';
    src.item as item where linkId  =  'timestamp' then {
        item.answer first as a then {
            a.value as val -> tgt.issued = val  '8945c96b';
        } '4272fc8b';
    } 'f4472f32';
    src.subject as subject -> tgt.subject = subject  'patient';
    src.item first as item  where linkId =  'EmCare.B7.DE10' then {
        item.answer first as a then {
            a  where a.value = 'yes' -> tgt.status = 'final'  'final-emcareb7de10';
             a  where a.value = 'no' -> tgt.status = 'cancelled'  'notfound-emcareb7de10';
        } 'an-emcareb7de10';
    } 'it-emcareb7de10';
}

group emcareobservationemcareb7b8b9de01(source src,target tgt){
        src -> tgt.identifier = create('Identifier') as CodeID,
            CodeID.system = 'http://hl7.org/fhir/namingsystem-identifier-type',
            CodeID.use =  'official',
            CodeID.value = 'uuid',
            CodeID.id = uuid()
         'id-emcareb7b8b9de01';
    src.encounter as encounter -> tgt.encounter = encounter '35bc6b82';
        src.subject as subject -> tgt.subject = subject,
            tgt.meta = create('Meta') as newMeta, newMeta.profile = 'https://fhir.dk.swisstph-mis.ch/matchbox/fhir/StructureDefinition/emcareobservation',
            tgt.code = create('CodeableConcept') as concept, concept.coding = create('Coding') as coding,
                coding.system = 'https://fhir.dk.swisstph-mis.ch/matchbox/fhir/CodeSystem/emcare-custom-codes',
                coding.code = 'EmCare.B7-B8-B9.DE01'
         'code-emcareb7b8b9de01';
    src.item as item where linkId  =  'timestamp' then {
        item.answer first as a then {
            a.value as val -> tgt.issued = val  '8945c96b';
        } '4272fc8b';
    } 'f4472f32';
    src.subject as subject -> tgt.subject = subject  'patient';
    src.item first as item  where linkId =  'EmCare.B7-B8-B9.DE01' then {
        item.answer first as a then {
            a   -> tgt.value = a, tgt.status = 'final' 'val-emcareb7b8b9de01';
        } 'an-emcareb7b8b9de01';
    } 'it-emcareb7b8b9de01';
}

