map 'https://fhir.dk.swisstph-mis.ch/matchbox/fhir/StructureMap/emcare.b7.lti-dangersigns' = 'emcare.b7.lti-dangersigns'
uses 'http://hl7.org/fhir/uv/sdc/StructureDefinition/sdc-questionnaireresponse' alias 'questionnaireResponse' as source
uses 'http://hl7.org/fhir/StructureDefinition/Bundle' alias 'Bundle' as target
uses 'https://fhir.dk.swisstph-mis.ch/matchbox/fhir/StructureDefinition/observation' alias 'Observation' as target
uses 'https://fhir.dk.swisstph-mis.ch/matchbox/fhir/StructureDefinition/emcareobservation' alias 'EmCare Observation' as produced
group bundletrans(source src : questionnaireResponse,target bundle : Bundle){
    src -> bundle.id = uuid() 'id';
    src -> bundle.type = 'batch' 'type';
    src.item first as item  where linkId = 'EmCare.B7.DE02' then {
        src -> bundle.entry as entry  then {
            src -> entry.request as request, request.method = 'POST' , uuid() as uuid, request.url = append('/Observation/', uuid) 'b50ac4c5';
            src -> entry.resource = create('Observation') as tgt then {
                src -> tgt then emcareobservationemcareb7de02(src, tgt) '004b4d1e';
            } '92e7f5f9';
        } '402826af';
    } '0dcc26b8';
    src.item first as item  where linkId = 'EmCare.B7.DE03' then {
        src -> bundle.entry as entry  then {
            src -> entry.request as request, request.method = 'POST' , uuid() as uuid, request.url = append('/Observation/', uuid) 'b50ac4c5';
            src -> entry.resource = create('Observation') as tgt then {
                src -> tgt then emcareobservationemcareb7de03(src, tgt) 'f2e89805';
            } '8dded58a';
        } '6d815194';
    } '9071bc5b';
    src.item first as item  where linkId = 'EmCare.B7.DE08b' then {
        src -> bundle.entry as entry  then {
            src -> entry.request as request, request.method = 'POST' , uuid() as uuid, request.url = append('/Observation/', uuid) 'b50ac4c5';
            src -> entry.resource = create('Observation') as tgt then {
                src -> tgt then emcareobservationemcareb7de08b(src, tgt) '7c424dce';
            } '090c71e8';
        } '366ba7ba';
    } '0ae8d133';
    src.item first as item  where linkId = 'EmCare.B7.DE08' then {
        src -> bundle.entry as entry  then {
            src -> entry.request as request, request.method = 'POST' , uuid() as uuid, request.url = append('/Observation/', uuid) 'b50ac4c5';
            src -> entry.resource = create('Observation') as tgt then {
                src -> tgt then emcareobservationemcareb7de08(src, tgt) '279d6969';
            } '20cc88b6';
        } '3f40ba3d';
    } 'faf05a2f';
    src.item first as item  where linkId = 'EmCare.B7.DE08a' then {
        src -> bundle.entry as entry  then {
            src -> entry.request as request, request.method = 'POST' , uuid() as uuid, request.url = append('/Observation/', uuid) 'b50ac4c5';
            src -> entry.resource = create('Observation') as tgt then {
                src -> tgt then emcareobservationemcareb7de08a(src, tgt) 'd2861aff';
            } '7be6660a';
        } 'bd06a10d';
    } 'f9ce39e9';
    src.item first as item  where linkId = 'EmCare.B7.DE09' then {
        src -> bundle.entry as entry  then {
            src -> entry.request as request, request.method = 'POST' , uuid() as uuid, request.url = append('/Observation/', uuid) 'b50ac4c5';
            src -> entry.resource = create('Observation') as tgt then {
                src -> tgt then emcareobservationemcareb7de09(src, tgt) '3f6a9726';
            } '2c4ac41f';
        } '98869034';
    } '67e13b2f';
    src.item first as item  where linkId = 'EmCare.B7.DE10' then {
        src -> bundle.entry as entry  then {
            src -> entry.request as request, request.method = 'POST' , uuid() as uuid, request.url = append('/Observation/', uuid) 'b50ac4c5';
            src -> entry.resource = create('Observation') as tgt then {
                src -> tgt then emcareobservationemcareb7de10(src, tgt) '1fe53b0d';
            } '0fb952bc';
        } '980ae740';
    } '23ae5271';
    src.item first as item  where linkId = 'EmCare.B7-B8-B9.DE01' then {
        src -> bundle.entry as entry  then {
            src -> entry.request as request, request.method = 'POST' , uuid() as uuid, request.url = append('/Observation/', uuid) 'b50ac4c5';
            src -> entry.resource = create('Observation') as tgt then {
                src -> tgt then emcareobservationemcareb7b8b9de01(src, tgt) 'ff2fa2ef';
            } 'a8c4cecd';
        } 'cab32791';
    } '417ef5a4';
    src.item first as itm1  where linkId =  'EmCare.B22.FluidTest' then {
        itm1.item first as item  where linkId =  'EmCare.B22.DE08' then {
            src -> bundle.entry as entry  then {
                src -> entry.request as request, request.method = 'POST' , uuid() as uuid, request.url = append('/Observation/', uuid) 'b50ac4c5';
                src -> entry.resource = create('Observation') as tgt then {
                    src -> tgt then emcareobservationemcareb22de08(src, tgt) 'd34db40c';
                } 'bd8403a6';
            } '09eb3e1a';
        } '98ab7cbc';
    } '92922363';
    src.item first as itm1  where linkId =  'EmCare.B22.FluidTest' then {
        itm1.item first as item  where linkId =  'EmCare.B22.DE14' then {
            src -> bundle.entry as entry  then {
                src -> entry.request as request, request.method = 'POST' , uuid() as uuid, request.url = append('/Observation/', uuid) 'b50ac4c5';
                src -> entry.resource = create('Observation') as tgt then {
                    src -> tgt then emcareobservationemcareb22de14(src, tgt) '128f555c';
                } '2cba61ee';
            } '1eb502ac';
        } 'cb90f218';
    } 'a29c2fee';
    src.item first as itm1  where linkId =  'EmCare.B22.FluidTest' then {
        itm1.item first as item  where linkId =  'EmCare.B22.DE14a' then {
            src -> bundle.entry as entry  then {
                src -> entry.request as request, request.method = 'POST' , uuid() as uuid, request.url = append('/Observation/', uuid) 'b50ac4c5';
                src -> entry.resource = create('Observation') as tgt then {
                    src -> tgt then emcareobservationemcareb22de14a(src, tgt) '7b46291c';
                } '17f1508c';
            } '64f82f5e';
        } '3ecf6f74';
    } '20a40379';
    src.item first as itm1  where linkId =  'EmCare.B22.FluidTest' then {
        itm1.item first as item  where linkId =  'EmCare.B22.DE15' then {
            src -> bundle.entry as entry  then {
                src -> entry.request as request, request.method = 'POST' , uuid() as uuid, request.url = append('/Observation/', uuid) 'b50ac4c5';
                src -> entry.resource = create('Observation') as tgt then {
                    src -> tgt then emcareobservationemcareb22de15(src, tgt) '0d25d61c';
                } '49095bbf';
            } '7ffa5829';
        } 'd0e755c3';
    } '3a4ed8a5';
    src.item first as itm1  where linkId =  'EmCare.B22.FluidTest' then {
        itm1.item first as item  where linkId =  'EmCare.B22.DE16' then {
            src -> bundle.entry as entry  then {
                src -> entry.request as request, request.method = 'POST' , uuid() as uuid, request.url = append('/Observation/', uuid) 'b50ac4c5';
                src -> entry.resource = create('Observation') as tgt then {
                    src -> tgt then emcareobservationemcareb22de16(src, tgt) '2bef72fa';
                } 'f426fdde';
            } 'f53bf22c';
        } '00903dcd';
    } '7caa7540';
}

group emcareobservationemcareb7de02(source src,target tgt){
        src -> tgt.identifier = create('Identifier') as CodeID,
            CodeID.system = 'http://hl7.org/fhir/namingsystem-identifier-type',
            CodeID.use =  'official',
            CodeID.value = 'uuid',
            CodeID.id = uuid()
         'id-emcareb7de02';
    src.encounter as encounter -> tgt.encounter = encounter '35bc6b82';
        src.subject as subject -> tgt.subject = subject,
            tgt.meta = create('Meta') as newMeta, newMeta.profile = 'https://fhir.dk.swisstph-mis.ch/matchbox/fhir/StructureDefinition/emcareobservation',
            tgt.code = create('CodeableConcept') as concept, concept.coding = create('Coding') as coding,
                coding.system = 'https://fhir.dk.swisstph-mis.ch/matchbox/fhir/CodeSystem/emcare-custom-codes',
                coding.code = 'EmCare.B7.DE02'
         'code-emcareb7de02';
    src.item as item where linkId  =  'timestamp' then {
        item.answer first as a then {
            a.value as val -> tgt.issued = val  '8945c96b';
        } '4272fc8b';
    } 'f4472f32';
    src.subject as subject -> tgt.subject = subject  'patient';
    src.item first as item  where linkId = 'EmCare.B7.DE02' then {
        item.answer first as a then {
            a  where a.value = true -> tgt.status = 'final', tgt.value = true 'final-emcareb7de02';
            a  where a.value = false -> tgt.status = 'cancelled', tgt.value = false 'notfound-emcareb7de02';
        } 'bdab9370';
    } 'd5787763';
}

group emcareobservationemcareb7de03(source src,target tgt){
        src -> tgt.identifier = create('Identifier') as CodeID,
            CodeID.system = 'http://hl7.org/fhir/namingsystem-identifier-type',
            CodeID.use =  'official',
            CodeID.value = 'uuid',
            CodeID.id = uuid()
         'id-emcareb7de03';
    src.encounter as encounter -> tgt.encounter = encounter '35bc6b82';
        src.subject as subject -> tgt.subject = subject,
            tgt.meta = create('Meta') as newMeta, newMeta.profile = 'https://fhir.dk.swisstph-mis.ch/matchbox/fhir/StructureDefinition/emcareobservation',
            tgt.code = create('CodeableConcept') as concept, concept.coding = create('Coding') as coding,
                coding.system = 'https://fhir.dk.swisstph-mis.ch/matchbox/fhir/CodeSystem/emcare-custom-codes',
                coding.code = 'EmCare.B7.DE03'
         'code-emcareb7de03';
    src.item as item where linkId  =  'timestamp' then {
        item.answer first as a then {
            a.value as val -> tgt.issued = val  '8945c96b';
        } '4272fc8b';
    } 'f4472f32';
    src.subject as subject -> tgt.subject = subject  'patient';
    src.item first as item  where linkId = 'EmCare.B7.DE03' then {
        item.answer first as a then {
            a  where a.value = true -> tgt.status = 'final', tgt.value = true 'final-emcareb7de03';
            a  where a.value = false -> tgt.status = 'cancelled', tgt.value = false 'notfound-emcareb7de03';
        } 'bdab9370';
    } '9659b168';
}

group emcareobservationemcareb7de08b(source src,target tgt){
        src -> tgt.identifier = create('Identifier') as CodeID,
            CodeID.system = 'http://hl7.org/fhir/namingsystem-identifier-type',
            CodeID.use =  'official',
            CodeID.value = 'uuid',
            CodeID.id = uuid()
         'id-emcareb7de08b';
    src.encounter as encounter -> tgt.encounter = encounter '35bc6b82';
        src.subject as subject -> tgt.subject = subject,
            tgt.meta = create('Meta') as newMeta, newMeta.profile = 'https://fhir.dk.swisstph-mis.ch/matchbox/fhir/StructureDefinition/emcareobservation',
            tgt.code = create('CodeableConcept') as concept, concept.coding = create('Coding') as coding,
                coding.system = 'https://fhir.dk.swisstph-mis.ch/matchbox/fhir/CodeSystem/emcare-custom-codes',
                coding.code = 'EmCare.B7.DE08b'
         'code-emcareb7de08b';
    src.item as item where linkId  =  'timestamp' then {
        item.answer first as a then {
            a.value as val -> tgt.issued = val  '8945c96b';
        } '4272fc8b';
    } 'f4472f32';
    src.subject as subject -> tgt.subject = subject  'patient';
    src.item first as item  where linkId = 'EmCare.B7.DE08b' then {
        item.answer first as a then {
            a  where a.value = true -> tgt.status = 'final', tgt.value = true 'final-emcareb7de08b';
            a  where a.value = false -> tgt.status = 'cancelled', tgt.value = false 'notfound-emcareb7de08b';
        } 'bdab9370';
    } '584afee2';
}

group emcareobservationemcareb7de08(source src,target tgt){
        src -> tgt.identifier = create('Identifier') as CodeID,
            CodeID.system = 'http://hl7.org/fhir/namingsystem-identifier-type',
            CodeID.use =  'official',
            CodeID.value = 'uuid',
            CodeID.id = uuid()
         'id-emcareb7de08';
    src.encounter as encounter -> tgt.encounter = encounter '35bc6b82';
        src.subject as subject -> tgt.subject = subject,
            tgt.meta = create('Meta') as newMeta, newMeta.profile = 'https://fhir.dk.swisstph-mis.ch/matchbox/fhir/StructureDefinition/emcareobservation',
            tgt.code = create('CodeableConcept') as concept, concept.coding = create('Coding') as coding,
                coding.system = 'https://fhir.dk.swisstph-mis.ch/matchbox/fhir/CodeSystem/emcare-custom-codes',
                coding.code = 'EmCare.B7.DE08'
         'code-emcareb7de08';
    src.item as item where linkId  =  'timestamp' then {
        item.answer first as a then {
            a.value as val -> tgt.issued = val  '8945c96b';
        } '4272fc8b';
    } 'f4472f32';
    src.subject as subject -> tgt.subject = subject  'patient';
    src.item first as item  where linkId = 'EmCare.B7.DE08' then {
        item.answer first as a then {
            a  where a.value = true -> tgt.status = 'final', tgt.value = true 'final-emcareb7de08';
            a  where a.value = false -> tgt.status = 'cancelled', tgt.value = false 'notfound-emcareb7de08';
        } 'bdab9370';
    } 'c01de944';
}

group emcareobservationemcareb7de08a(source src,target tgt){
        src -> tgt.identifier = create('Identifier') as CodeID,
            CodeID.system = 'http://hl7.org/fhir/namingsystem-identifier-type',
            CodeID.use =  'official',
            CodeID.value = 'uuid',
            CodeID.id = uuid()
         'id-emcareb7de08a';
    src.encounter as encounter -> tgt.encounter = encounter '35bc6b82';
        src.subject as subject -> tgt.subject = subject,
            tgt.meta = create('Meta') as newMeta, newMeta.profile = 'https://fhir.dk.swisstph-mis.ch/matchbox/fhir/StructureDefinition/emcareobservation',
            tgt.code = create('CodeableConcept') as concept, concept.coding = create('Coding') as coding,
                coding.system = 'https://fhir.dk.swisstph-mis.ch/matchbox/fhir/CodeSystem/emcare-custom-codes',
                coding.code = 'EmCare.B7.DE08a'
         'code-emcareb7de08a';
    src.item as item where linkId  =  'timestamp' then {
        item.answer first as a then {
            a.value as val -> tgt.issued = val  '8945c96b';
        } '4272fc8b';
    } 'f4472f32';
    src.subject as subject -> tgt.subject = subject  'patient';
    src.item first as item  where linkId = 'EmCare.B7.DE08a' then {
        item.answer first as a then {
            a  where a.value = true -> tgt.status = 'final', tgt.value = true 'final-emcareb7de08a';
            a  where a.value = false -> tgt.status = 'cancelled', tgt.value = false 'notfound-emcareb7de08a';
        } 'bdab9370';
    } '8aa6f269';
}

group emcareobservationemcareb7de09(source src,target tgt){
        src -> tgt.identifier = create('Identifier') as CodeID,
            CodeID.system = 'http://hl7.org/fhir/namingsystem-identifier-type',
            CodeID.use =  'official',
            CodeID.value = 'uuid',
            CodeID.id = uuid()
         'id-emcareb7de09';
    src.encounter as encounter -> tgt.encounter = encounter '35bc6b82';
        src.subject as subject -> tgt.subject = subject,
            tgt.meta = create('Meta') as newMeta, newMeta.profile = 'https://fhir.dk.swisstph-mis.ch/matchbox/fhir/StructureDefinition/emcareobservation',
            tgt.code = create('CodeableConcept') as concept, concept.coding = create('Coding') as coding,
                coding.system = 'https://fhir.dk.swisstph-mis.ch/matchbox/fhir/CodeSystem/emcare-custom-codes',
                coding.code = 'EmCare.B7.DE09'
         'code-emcareb7de09';
    src.item as item where linkId  =  'timestamp' then {
        item.answer first as a then {
            a.value as val -> tgt.issued = val  '8945c96b';
        } '4272fc8b';
    } 'f4472f32';
    src.subject as subject -> tgt.subject = subject  'patient';
    src.item first as item  where linkId = 'EmCare.B7.DE09' then {
        item.answer first as a then {
            a  where a.value = true -> tgt.status = 'final', tgt.value = true 'final-emcareb7de09';
            a  where a.value = false -> tgt.status = 'cancelled', tgt.value = false 'notfound-emcareb7de09';
        } 'bdab9370';
    } '72958d1a';
}

group emcareobservationemcareb7de10(source src,target tgt){
        src -> tgt.identifier = create('Identifier') as CodeID,
            CodeID.system = 'http://hl7.org/fhir/namingsystem-identifier-type',
            CodeID.use =  'official',
            CodeID.value = 'uuid',
            CodeID.id = uuid()
         'id-emcareb7de10';
    src.encounter as encounter -> tgt.encounter = encounter '35bc6b82';
        src.subject as subject -> tgt.subject = subject,
            tgt.meta = create('Meta') as newMeta, newMeta.profile = 'https://fhir.dk.swisstph-mis.ch/matchbox/fhir/StructureDefinition/emcareobservation',
            tgt.code = create('CodeableConcept') as concept, concept.coding = create('Coding') as coding,
                coding.system = 'https://fhir.dk.swisstph-mis.ch/matchbox/fhir/CodeSystem/emcare-custom-codes',
                coding.code = 'EmCare.B7.DE10'
         'code-emcareb7de10';
    src.item as item where linkId  =  'timestamp' then {
        item.answer first as a then {
            a.value as val -> tgt.issued = val  '8945c96b';
        } '4272fc8b';
    } 'f4472f32';
    src.subject as subject -> tgt.subject = subject  'patient';
    src.item first as item  where linkId = 'EmCare.B7.DE10' then {
        item.answer first as a then {
            a  where a.value = true -> tgt.status = 'final', tgt.value = true 'final-emcareb7de10';
            a  where a.value = false -> tgt.status = 'cancelled', tgt.value = false 'notfound-emcareb7de10';
        } 'bdab9370';
    } 'bea9912f';
}

group emcareobservationemcareb7b8b9de01(source src,target tgt){
        src -> tgt.identifier = create('Identifier') as CodeID,
            CodeID.system = 'http://hl7.org/fhir/namingsystem-identifier-type',
            CodeID.use =  'official',
            CodeID.value = 'uuid',
            CodeID.id = uuid()
         'id-emcareb7b8b9de01';
    src.encounter as encounter -> tgt.encounter = encounter '35bc6b82';
        src.subject as subject -> tgt.subject = subject,
            tgt.meta = create('Meta') as newMeta, newMeta.profile = 'https://fhir.dk.swisstph-mis.ch/matchbox/fhir/StructureDefinition/emcareobservation',
            tgt.code = create('CodeableConcept') as concept, concept.coding = create('Coding') as coding,
                coding.system = 'https://fhir.dk.swisstph-mis.ch/matchbox/fhir/CodeSystem/emcare-custom-codes',
                coding.code = 'EmCare.B7-B8-B9.DE01'
         'code-emcareb7b8b9de01';
    src.item as item where linkId  =  'timestamp' then {
        item.answer first as a then {
            a.value as val -> tgt.issued = val  '8945c96b';
        } '4272fc8b';
    } 'f4472f32';
    src.subject as subject -> tgt.subject = subject  'patient';
    src.item first as item  where linkId = 'EmCare.B7-B8-B9.DE01' then {
        item.answer first as a then {
            a.value as val then {
                val where val.code = 'none' -> tgt.status = 'cancelled' '8ab1d7a5';
                val where val.code != 'none' -> tgt.value = create('CodeableConcept') as cc, cc.coding = val, tgt.status = 'final' 'a1050460';
            } '4ca9082e';
        } '7c587a4b';
    } '734e5fd7';
}

group emcareobservationemcareb22de08(source src,target tgt){
        src -> tgt.identifier = create('Identifier') as CodeID,
            CodeID.system = 'http://hl7.org/fhir/namingsystem-identifier-type',
            CodeID.use =  'official',
            CodeID.value = 'uuid',
            CodeID.id = uuid()
         'id-emcareb22de08';
    src.encounter as encounter -> tgt.encounter = encounter '35bc6b82';
        src.subject as subject -> tgt.subject = subject,
            tgt.meta = create('Meta') as newMeta, newMeta.profile = 'https://fhir.dk.swisstph-mis.ch/matchbox/fhir/StructureDefinition/emcareobservation',
            tgt.code = create('CodeableConcept') as concept, concept.coding = create('Coding') as coding,
                coding.system = 'https://fhir.dk.swisstph-mis.ch/matchbox/fhir/CodeSystem/emcare-custom-codes',
                coding.code = 'EmCare.B22.DE08'
         'code-emcareb22de08';
    src.item as item where linkId  =  'timestamp' then {
        item.answer first as a then {
            a.value as val -> tgt.issued = val  '8945c96b';
        } '4272fc8b';
    } 'f4472f32';
    src.subject as subject -> tgt.subject = subject  'patient';
    src.item first as itm1  where linkId =  'EmCare.B22.FluidTest' then {
        itm1.item first as item  where linkId =  'EmCare.B22.DE08' then {
            item.answer first as a then {
                a.value as val then {
                    val where val.code = 'none' -> tgt.status = 'cancelled' '8ab1d7a5';
                    val where val.code != 'none' -> tgt.value = create('CodeableConcept') as cc, cc.coding = val, tgt.status = 'final' 'a1050460';
                } '4ca9082e';
            } '7c587a4b';
        } 'd1e541bc';
    } '7472bd6b';
}

group emcareobservationemcareb22de14(source src,target tgt){
        src -> tgt.identifier = create('Identifier') as CodeID,
            CodeID.system = 'http://hl7.org/fhir/namingsystem-identifier-type',
            CodeID.use =  'official',
            CodeID.value = 'uuid',
            CodeID.id = uuid()
         'id-emcareb22de14';
    src.encounter as encounter -> tgt.encounter = encounter '35bc6b82';
        src.subject as subject -> tgt.subject = subject,
            tgt.meta = create('Meta') as newMeta, newMeta.profile = 'https://fhir.dk.swisstph-mis.ch/matchbox/fhir/StructureDefinition/emcareobservation',
            tgt.code = create('CodeableConcept') as concept, concept.coding = create('Coding') as coding,
                coding.system = 'https://fhir.dk.swisstph-mis.ch/matchbox/fhir/CodeSystem/emcare-custom-codes',
                coding.code = 'EmCare.B22.DE14'
         'code-emcareb22de14';
    src.item as item where linkId  =  'timestamp' then {
        item.answer first as a then {
            a.value as val -> tgt.issued = val  '8945c96b';
        } '4272fc8b';
    } 'f4472f32';
    src.subject as subject -> tgt.subject = subject  'patient';
    src.item first as itm1  where linkId =  'EmCare.B22.FluidTest' then {
        itm1.item first as item  where linkId =  'EmCare.B22.DE14' then {
            item.answer first as a then {
                a.value as val then {
                    val where val.code = 'true' -> tgt.status = 'final',tgt.value = true  '8a65aaa5';
                } '26c2c8c7';
            } '721205d5';
        } '0fb7886d';
    } 'a2da4910';
}

group emcareobservationemcareb22de14a(source src,target tgt){
        src -> tgt.identifier = create('Identifier') as CodeID,
            CodeID.system = 'http://hl7.org/fhir/namingsystem-identifier-type',
            CodeID.use =  'official',
            CodeID.value = 'uuid',
            CodeID.id = uuid()
         'id-emcareb22de14a';
    src.encounter as encounter -> tgt.encounter = encounter '35bc6b82';
        src.subject as subject -> tgt.subject = subject,
            tgt.meta = create('Meta') as newMeta, newMeta.profile = 'https://fhir.dk.swisstph-mis.ch/matchbox/fhir/StructureDefinition/emcareobservation',
            tgt.code = create('CodeableConcept') as concept, concept.coding = create('Coding') as coding,
                coding.system = 'https://fhir.dk.swisstph-mis.ch/matchbox/fhir/CodeSystem/emcare-custom-codes',
                coding.code = 'EmCare.B22.DE14a'
         'code-emcareb22de14a';
    src.item as item where linkId  =  'timestamp' then {
        item.answer first as a then {
            a.value as val -> tgt.issued = val  '8945c96b';
        } '4272fc8b';
    } 'f4472f32';
    src.subject as subject -> tgt.subject = subject  'patient';
    src.item first as itm1  where linkId =  'EmCare.B22.FluidTest' then {
        itm1.item first as item  where linkId =  'EmCare.B22.DE14a' then {
            item.answer first as a then {
                a  where a.value = true -> tgt.status = 'final', tgt.value = true 'final-emcareb22de14a';
                a  where a.value = false -> tgt.status = 'cancelled', tgt.value = false 'notfound-emcareb22de14a';
            } 'bdab9370';
        } 'c340536c';
    } 'a53e1b20';
}

group emcareobservationemcareb22de15(source src,target tgt){
        src -> tgt.identifier = create('Identifier') as CodeID,
            CodeID.system = 'http://hl7.org/fhir/namingsystem-identifier-type',
            CodeID.use =  'official',
            CodeID.value = 'uuid',
            CodeID.id = uuid()
         'id-emcareb22de15';
    src.encounter as encounter -> tgt.encounter = encounter '35bc6b82';
        src.subject as subject -> tgt.subject = subject,
            tgt.meta = create('Meta') as newMeta, newMeta.profile = 'https://fhir.dk.swisstph-mis.ch/matchbox/fhir/StructureDefinition/emcareobservation',
            tgt.code = create('CodeableConcept') as concept, concept.coding = create('Coding') as coding,
                coding.system = 'https://fhir.dk.swisstph-mis.ch/matchbox/fhir/CodeSystem/emcare-custom-codes',
                coding.code = 'EmCare.B22.DE15'
         'code-emcareb22de15';
    src.item as item where linkId  =  'timestamp' then {
        item.answer first as a then {
            a.value as val -> tgt.issued = val  '8945c96b';
        } '4272fc8b';
    } 'f4472f32';
    src.subject as subject -> tgt.subject = subject  'patient';
    src.item first as itm1  where linkId =  'EmCare.B22.FluidTest' then {
        itm1.item first as item  where linkId =  'EmCare.B22.DE15' then {
            item.answer first as a then {
                a  where a.value = true -> tgt.status = 'final', tgt.value = true 'final-emcareb22de15';
                a  where a.value = false -> tgt.status = 'cancelled', tgt.value = false 'notfound-emcareb22de15';
            } 'bdab9370';
        } '6d7a05b3';
    } 'de79f82e';
}

group emcareobservationemcareb22de16(source src,target tgt){
        src -> tgt.identifier = create('Identifier') as CodeID,
            CodeID.system = 'http://hl7.org/fhir/namingsystem-identifier-type',
            CodeID.use =  'official',
            CodeID.value = 'uuid',
            CodeID.id = uuid()
         'id-emcareb22de16';
    src.encounter as encounter -> tgt.encounter = encounter '35bc6b82';
        src.subject as subject -> tgt.subject = subject,
            tgt.meta = create('Meta') as newMeta, newMeta.profile = 'https://fhir.dk.swisstph-mis.ch/matchbox/fhir/StructureDefinition/emcareobservation',
            tgt.code = create('CodeableConcept') as concept, concept.coding = create('Coding') as coding,
                coding.system = 'https://fhir.dk.swisstph-mis.ch/matchbox/fhir/CodeSystem/emcare-custom-codes',
                coding.code = 'EmCare.B22.DE16'
         'code-emcareb22de16';
    src.item as item where linkId  =  'timestamp' then {
        item.answer first as a then {
            a.value as val -> tgt.issued = val  '8945c96b';
        } '4272fc8b';
    } 'f4472f32';
    src.subject as subject -> tgt.subject = subject  'patient';
    src.item first as itm1  where linkId =  'EmCare.B22.FluidTest' then {
        itm1.item first as item  where linkId =  'EmCare.B22.DE16' then {
            item.answer first as a then {
                a.value as val then {
                    val where val.code = 'none' -> tgt.status = 'cancelled' '8ab1d7a5';
                    val where val.code != 'none' -> tgt.value = create('CodeableConcept') as cc, cc.coding = val, tgt.status = 'final' 'a1050460';
                } '4ca9082e';
            } '7c587a4b';
        } '6ec27c8f';
    } '340ae886';
}

