map 'https://fhir.dk.swisstph-mis.ch/matchbox/fhir/StructureMap/emcare.b22.assessmentstests' = 'emcare.b22.assessmentstests'
uses 'http://hl7.org/fhir/uv/sdc/StructureDefinition/sdc-questionnaireresponse' alias 'questionnaireResponse' as source
uses 'http://hl7.org/fhir/StructureDefinition/Bundle' alias 'Bundle' as target
uses 'https://fhir.dk.swisstph-mis.ch/matchbox/fhir/StructureDefinition/observation' alias 'Observation' as target
uses 'https://fhir.dk.swisstph-mis.ch/matchbox/fhir/StructureDefinition/emcareobservation' alias 'EmCare Observation' as produced
group bundletrans(source src : questionnaireResponse,target bundle : Bundle){
    src -> bundle.id = uuid() 'id';
    src -> bundle.type = 'batch' 'type';
    src.item first as itm1  where linkId =  'EmCare.B22.RespiratoryRate' then {
        itm1.item first as item  where linkId =  'EmCare.B22.DE01' then {
            src -> bundle.entry as entry  then {
                src -> entry.request as request, request.method = 'POST' , uuid() as uuid, request.url = append('/Observation/', uuid) 'b50ac4c5';
                src -> entry.resource = create('Observation') as tgt then {
                    src -> tgt then emcareobservationemcareb22de01(src, tgt) '94788d70';
                } 'cafa1f90';
            } '44017cb3';
        } '697fc7ac';
    } '3756aeae';
    src.item first as itm1  where linkId =  'EmCare.B22.RespiratoryRate' then {
        itm1.item first as item  where linkId =  'EmCare.B22.DE02' then {
            src -> bundle.entry as entry  then {
                src -> entry.request as request, request.method = 'POST' , uuid() as uuid, request.url = append('/Observation/', uuid) 'b50ac4c5';
                src -> entry.resource = create('Observation') as tgt then {
                    src -> tgt then emcareobservationemcareb22de02(src, tgt) 'c3e885af';
                } '60b301de';
            } '815e425c';
        } '27c3a128';
    } '4e2e2792';
    src.item first as itm1  where linkId =  'EmCare.B22.RespiratoryRate' then {
        itm1.item first as item  where linkId =  'EmCare.B22.DE03' then {
            src -> bundle.entry as entry  then {
                src -> entry.request as request, request.method = 'POST' , uuid() as uuid, request.url = append('/Observation/', uuid) 'b50ac4c5';
                src -> entry.resource = create('Observation') as tgt then {
                    src -> tgt then emcareobservationemcareb22de03(src, tgt) 'df6b952c';
                } 'af6e5d83';
            } '288864bb';
        } 'e1bbfb7b';
    } '1a671a8f';
    src.item first as itm1  where linkId =  'EmCare.B22.RespiratoryRate' then {
        itm1.item first as item  where linkId =  'EmCare.B22.DE04' then {
            src -> bundle.entry as entry  then {
                src -> entry.request as request, request.method = 'POST' , uuid() as uuid, request.url = append('/Observation/', uuid) 'b50ac4c5';
                src -> entry.resource = create('Observation') as tgt then {
                    src -> tgt then emcareobservationemcareb22de04(src, tgt) '42ed4c3a';
                } 'b802d4a2';
            } 'c7431f4f';
        } '0cb00a69';
    } 'dc506b85';
    src.item first as itm1  where linkId =  'EmCare.B22.RespiratoryRate' then {
        itm1.item first as item  where linkId =  'EmCare.B22.DE05' then {
            src -> bundle.entry as entry  then {
                src -> entry.request as request, request.method = 'POST' , uuid() as uuid, request.url = append('/Observation/', uuid) 'b50ac4c5';
                src -> entry.resource = create('Observation') as tgt then {
                    src -> tgt then emcareobservationemcareb22de05(src, tgt) '3be4cd34';
                } 'b7585bc2';
            } '61b1a5c6';
        } 'a37a4b8b';
    } '09e2849e';
    src.item first as itm1  where linkId =  'EmCare.B22.RespiratoryRate' then {
        itm1.item first as item  where linkId =  'EmCare.B22.DE07' then {
            src -> bundle.entry as entry  then {
                src -> entry.request as request, request.method = 'POST' , uuid() as uuid, request.url = append('/Observation/', uuid) 'b50ac4c5';
                src -> entry.resource = create('Observation') as tgt then {
                    src -> tgt then emcareobservationemcareb22de07(src, tgt) 'fa30cee1';
                } 'aad75965';
            } '8267defb';
        } 'de1bafc8';
    } '73cc8409';
    src.item first as itm1  where linkId =  'EmCare.B22.FluidTest' then {
        itm1.item first as item  where linkId =  'EmCare.B22.DE08' then {
            src -> bundle.entry as entry  then {
                src -> entry.request as request, request.method = 'POST' , uuid() as uuid, request.url = append('/Observation/', uuid) 'b50ac4c5';
                src -> entry.resource = create('Observation') as tgt then {
                    src -> tgt then emcareobservationemcareb22de08(src, tgt) 'd34db40c';
                } 'bd8403a6';
            } '09eb3e1a';
        } '98ab7cbc';
    } '92922363';
    src.item first as itm1  where linkId =  'EmCare.B22.FluidTest' then {
        itm1.item first as item  where linkId =  'EmCare.B22.DE14' then {
            src -> bundle.entry as entry  then {
                src -> entry.request as request, request.method = 'POST' , uuid() as uuid, request.url = append('/Observation/', uuid) 'b50ac4c5';
                src -> entry.resource = create('Observation') as tgt then {
                    src -> tgt then emcareobservationemcareb22de14(src, tgt) '128f555c';
                } '2cba61ee';
            } '1eb502ac';
        } 'cb90f218';
    } 'a29c2fee';
    src.item first as itm1  where linkId =  'EmCare.B22.FluidTest' then {
        itm1.item first as item  where linkId =  'EmCare.B22.DE14a' then {
            src -> bundle.entry as entry  then {
                src -> entry.request as request, request.method = 'POST' , uuid() as uuid, request.url = append('/Observation/', uuid) 'b50ac4c5';
                src -> entry.resource = create('Observation') as tgt then {
                    src -> tgt then emcareobservationemcareb22de14a(src, tgt) '7b46291c';
                } '17f1508c';
            } '64f82f5e';
        } '3ecf6f74';
    } '20a40379';
    src.item first as itm1  where linkId =  'EmCare.B22.FluidTest' then {
        itm1.item first as item  where linkId =  'EmCare.B22.DE15' then {
            src -> bundle.entry as entry  then {
                src -> entry.request as request, request.method = 'POST' , uuid() as uuid, request.url = append('/Observation/', uuid) 'b50ac4c5';
                src -> entry.resource = create('Observation') as tgt then {
                    src -> tgt then emcareobservationemcareb22de15(src, tgt) '0d25d61c';
                } '49095bbf';
            } '7ffa5829';
        } 'd0e755c3';
    } '3a4ed8a5';
    src.item first as itm1  where linkId =  'EmCare.B22.FluidTest' then {
        itm1.item first as item  where linkId =  'EmCare.B22.DE16' then {
            src -> bundle.entry as entry  then {
                src -> entry.request as request, request.method = 'POST' , uuid() as uuid, request.url = append('/Observation/', uuid) 'b50ac4c5';
                src -> entry.resource = create('Observation') as tgt then {
                    src -> tgt then emcareobservationemcareb22de16(src, tgt) '2bef72fa';
                } 'f426fdde';
            } 'f53bf22c';
        } '00903dcd';
    } '7caa7540';
    src.item first as itm1  where linkId =  'EmCare.B22.BronchodilatorTest' then {
        itm1.item first as item  where linkId =  'EmCare.B22.DE22' then {
            src -> bundle.entry as entry  then {
                src -> entry.request as request, request.method = 'POST' , uuid() as uuid, request.url = append('/Observation/', uuid) 'b50ac4c5';
                src -> entry.resource = create('Observation') as tgt then {
                    src -> tgt then emcareobservationemcareb22de22(src, tgt) 'b9010fac';
                } '109bcf94';
            } '88ceffcd';
        } '38612178';
    } '3f210265';
    src.item first as itm1  where linkId =  'EmCare.B22.BronchodilatorTest' then {
        itm1.item first as item  where linkId =  'EmCare.B22.DE18' then {
            src -> bundle.entry as entry  then {
                src -> entry.request as request, request.method = 'POST' , uuid() as uuid, request.url = append('/Observation/', uuid) 'b50ac4c5';
                src -> entry.resource = create('Observation') as tgt then {
                    src -> tgt then emcareobservationemcareb22de18(src, tgt) 'e38f8034';
                } '8979d7da';
            } 'd7e09828';
        } 'ad8699ac';
    } 'd58d2eb4';
    src.item first as itm1  where linkId =  'EmCare.B22.BronchodilatorTest' then {
        itm1.item first as item  where linkId =  'EmCare.B22.DE19' then {
            src -> bundle.entry as entry  then {
                src -> entry.request as request, request.method = 'POST' , uuid() as uuid, request.url = append('/Observation/', uuid) 'b50ac4c5';
                src -> entry.resource = create('Observation') as tgt then {
                    src -> tgt then emcareobservationemcareb22de19(src, tgt) 'fcad06cb';
                } '8ba0f057';
            } '77732436';
        } '5d68ac82';
    } '4bfbd228';
    src.item first as itm1  where linkId =  'EmCare.B22.BronchodilatorTest' then {
        itm1.item first as item  where linkId =  'EmCare.B22.DE20' then {
            src -> bundle.entry as entry  then {
                src -> entry.request as request, request.method = 'POST' , uuid() as uuid, request.url = append('/Observation/', uuid) 'b50ac4c5';
                src -> entry.resource = create('Observation') as tgt then {
                    src -> tgt then emcareobservationemcareb22de20(src, tgt) 'fccc6295';
                } '1e5e1f5f';
            } '510a702c';
        } 'abd55e14';
    } 'f1d738a0';
    src.item first as itm1  where linkId =  'EmCare.B22.BronchodilatorTest' then {
        itm1.item first as item  where linkId =  'EmCare.B22.DE21' then {
            src -> bundle.entry as entry  then {
                src -> entry.request as request, request.method = 'POST' , uuid() as uuid, request.url = append('/Observation/', uuid) 'b50ac4c5';
                src -> entry.resource = create('Observation') as tgt then {
                    src -> tgt then emcareobservationemcareb22de21(src, tgt) '7c45409d';
                } 'ec6cbc70';
            } '2bc763d0';
        } '899a2d32';
    } '91e6cbb2';
    src.item first as itm1  where linkId =  'EmCare.B22.BreastFeeding' then {
        itm1.item first as item  where linkId =  'EmCare.B22.DE27' then {
            src -> bundle.entry as entry  then {
                src -> entry.request as request, request.method = 'POST' , uuid() as uuid, request.url = append('/Observation/', uuid) 'b50ac4c5';
                src -> entry.resource = create('Observation') as tgt then {
                    src -> tgt then emcareobservationemcareb22de27(src, tgt) '0763fd8d';
                } 'a6464808';
            } '662ebc0d';
        } '8cae1636';
    } '5f8d1659';
    src.item first as itm1  where linkId =  'EmCare.B22.BreastFeeding' then {
        itm1.item first as item  where linkId =  'EmCare.B22.DE28' then {
            src -> bundle.entry as entry  then {
                src -> entry.request as request, request.method = 'POST' , uuid() as uuid, request.url = append('/Observation/', uuid) 'b50ac4c5';
                src -> entry.resource = create('Observation') as tgt then {
                    src -> tgt then emcareobservationemcareb22de28(src, tgt) 'dd9106b0';
                } '72695e81';
            } '5cc117e5';
        } '23c87a88';
    } '0718f3ad';
    src.item first as itm1  where linkId =  'EmCare.B22.BreastFeeding' then {
        itm1.item first as item  where linkId =  'EmCare.B22.DE29' then {
            src -> bundle.entry as entry  then {
                src -> entry.request as request, request.method = 'POST' , uuid() as uuid, request.url = append('/Observation/', uuid) 'b50ac4c5';
                src -> entry.resource = create('Observation') as tgt then {
                    src -> tgt then emcareobservationemcareb22de29(src, tgt) '0bd03bad';
                } '64565ab8';
            } 'a568a312';
        } '0878d8ad';
    } '03245a63';
    src.item first as itm1  where linkId =  'EmCare.B22.BreastFeeding' then {
        itm1.item first as item  where linkId =  'EmCare.B22.DE30' then {
            src -> bundle.entry as entry  then {
                src -> entry.request as request, request.method = 'POST' , uuid() as uuid, request.url = append('/Observation/', uuid) 'b50ac4c5';
                src -> entry.resource = create('Observation') as tgt then {
                    src -> tgt then emcareobservationemcareb22de30(src, tgt) 'a8dbbfa4';
                } '470a9773';
            } '6aff1bf2';
        } '9d526ee1';
    } 'f8849524';
    src.item first as itm1  where linkId =  'EmCare.B22.BreastFeeding' then {
        itm1.item first as item  where linkId =  'EmCare.B22.DE31' then {
            src -> bundle.entry as entry  then {
                src -> entry.request as request, request.method = 'POST' , uuid() as uuid, request.url = append('/Observation/', uuid) 'b50ac4c5';
                src -> entry.resource = create('Observation') as tgt then {
                    src -> tgt then emcareobservationemcareb22de31(src, tgt) '3a858f1f';
                } 'bab0e868';
            } '47ecf4e4';
        } '53ea8d1f';
    } '3a3f0976';
    src.item first as itm1  where linkId =  'EmCare.B22.BreastFeeding' then {
        itm1.item first as item  where linkId =  'EmCare.B22.DE32' then {
            src -> bundle.entry as entry  then {
                src -> entry.request as request, request.method = 'POST' , uuid() as uuid, request.url = append('/Observation/', uuid) 'b50ac4c5';
                src -> entry.resource = create('Observation') as tgt then {
                    src -> tgt then emcareobservationemcareb22de32(src, tgt) '5537f1d1';
                } '38fb811c';
            } '77934152';
        } 'e33ade98';
    } '472c5a5f';
    src.item first as itm1  where linkId =  'EmCare.B22.BreastFeeding' then {
        itm1.item first as item  where linkId =  'EmCare.B22.DE33' then {
            src -> bundle.entry as entry  then {
                src -> entry.request as request, request.method = 'POST' , uuid() as uuid, request.url = append('/Observation/', uuid) 'b50ac4c5';
                src -> entry.resource = create('Observation') as tgt then {
                    src -> tgt then emcareobservationemcareb22de33(src, tgt) 'b9ca07b3';
                } 'e7981b54';
            } 'b81929fc';
        } '6ce5fde3';
    } '5f467921';
    src.item first as itm1  where linkId =  'EmCare.B22.BreastFeeding' then {
        itm1.item first as item  where linkId =  'EmCare.B22.DE34' then {
            src -> bundle.entry as entry  then {
                src -> entry.request as request, request.method = 'POST' , uuid() as uuid, request.url = append('/Observation/', uuid) 'b50ac4c5';
                src -> entry.resource = create('Observation') as tgt then {
                    src -> tgt then emcareobservationemcareb22de34(src, tgt) '81a7b6a0';
                } 'a60a44da';
            } '9f5867b0';
        } '53ddf109';
    } '81fe1840';
    src.item first as itm1  where linkId =  'EmCare.B22.BreastFeeding' then {
        itm1.item first as item  where linkId =  'EmCare.B22.DE35' then {
            src -> bundle.entry as entry  then {
                src -> entry.request as request, request.method = 'POST' , uuid() as uuid, request.url = append('/Observation/', uuid) 'b50ac4c5';
                src -> entry.resource = create('Observation') as tgt then {
                    src -> tgt then emcareobservationemcareb22de35(src, tgt) '99cdb2a9';
                } '7976f991';
            } '6b8eb7c7';
        } '54ae94e9';
    } '66d9a5f8';
    src.item first as itm1  where linkId =  'EmCare.B22.BreastFeeding' then {
        itm1.item first as item  where linkId =  'EmCare.B22.DE36' then {
            src -> bundle.entry as entry  then {
                src -> entry.request as request, request.method = 'POST' , uuid() as uuid, request.url = append('/Observation/', uuid) 'b50ac4c5';
                src -> entry.resource = create('Observation') as tgt then {
                    src -> tgt then emcareobservationemcareb22de36(src, tgt) '5d275331';
                } 'cec8e27b';
            } 'e67b8382';
        } '66166160';
    } 'e85075df';
    src.item first as itm1  where linkId =  'EmCare.B22.BreastFeeding' then {
        itm1.item first as item  where linkId =  'EmCare.B22.DE41' then {
            src -> bundle.entry as entry  then {
                src -> entry.request as request, request.method = 'POST' , uuid() as uuid, request.url = append('/Observation/', uuid) 'b50ac4c5';
                src -> entry.resource = create('Observation') as tgt then {
                    src -> tgt then emcareobservationemcareb22de41(src, tgt) '35802f20';
                } '765c240d';
            } '9de4a229';
        } 'b32a859e';
    } '7584cec3';
    src.item first as itm1  where linkId =  'EmCare.B22.BreastFeeding' then {
        itm1.item first as item  where linkId =  'EmCare.B22.DE42' then {
            src -> bundle.entry as entry  then {
                src -> entry.request as request, request.method = 'POST' , uuid() as uuid, request.url = append('/Observation/', uuid) 'b50ac4c5';
                src -> entry.resource = create('Observation') as tgt then {
                    src -> tgt then emcareobservationemcareb22de42(src, tgt) '273b1a16';
                } '213a0dca';
            } '56a5bbd9';
        } '1ea2ee6c';
    } '310515d3';
    src.item first as itm1  where linkId =  'EmCare.B22.BreastFeeding' then {
        itm1.item first as item  where linkId =  'EmCare.B22.DE43' then {
            src -> bundle.entry as entry  then {
                src -> entry.request as request, request.method = 'POST' , uuid() as uuid, request.url = append('/Observation/', uuid) 'b50ac4c5';
                src -> entry.resource = create('Observation') as tgt then {
                    src -> tgt then emcareobservationemcareb22de43(src, tgt) '4511c7f6';
                } 'd9d8bb24';
            } 'e11ba890';
        } 'd9970b9c';
    } 'c7cfb092';
    src.item first as itm1  where linkId =  'EmCare.B22.BreastFeeding' then {
        itm1.item first as item  where linkId =  'EmCare.B22.DE44' then {
            src -> bundle.entry as entry  then {
                src -> entry.request as request, request.method = 'POST' , uuid() as uuid, request.url = append('/Observation/', uuid) 'b50ac4c5';
                src -> entry.resource = create('Observation') as tgt then {
                    src -> tgt then emcareobservationemcareb22de44(src, tgt) '843d7b1e';
                } '70061b03';
            } '0e593cb2';
        } '61d66f48';
    } '6cc497b1';
    src.item first as itm1  where linkId =  'EmCare.B22.BreastFeeding' then {
        itm1.item first as item  where linkId =  'EmCare.B22.DE45' then {
            src -> bundle.entry as entry  then {
                src -> entry.request as request, request.method = 'POST' , uuid() as uuid, request.url = append('/Observation/', uuid) 'b50ac4c5';
                src -> entry.resource = create('Observation') as tgt then {
                    src -> tgt then emcareobservationemcareb22de45(src, tgt) '4472e5e4';
                } '2db5581c';
            } '9feb97c5';
        } '659dd24c';
    } '498a1bee';
    src.item first as itm1  where linkId =  'EmCare.B22.Hemoglobin' then {
        itm1.item first as item  where linkId =  'EmCare.B22.DE81' then {
            src -> bundle.entry as entry  then {
                src -> entry.request as request, request.method = 'POST' , uuid() as uuid, request.url = append('/Observation/', uuid) 'b50ac4c5';
                src -> entry.resource = create('Observation') as tgt then {
                    src -> tgt then emcareobservationemcareb22de81(src, tgt) 'f56b8d65';
                } '42cac8d1';
            } '00ff1e0b';
        } '41e289ea';
    } '537e2e1b';
    src.item first as itm1  where linkId =  'EmCare.B22.Hemoglobin' then {
        itm1.item first as item  where linkId =  'EmCare.B22.DE82' then {
            src -> bundle.entry as entry  then {
                src -> entry.request as request, request.method = 'POST' , uuid() as uuid, request.url = append('/Observation/', uuid) 'b50ac4c5';
                src -> entry.resource = create('Observation') as tgt then {
                    src -> tgt then emcareobservationemcareb22de82(src, tgt) '1118b2e0';
                } '565f125e';
            } 'cc5012ad';
        } 'aa73c216';
    } 'fc928087';
    src.item first as itm1  where linkId =  'EmCare.B22.SecondTemperature' then {
        itm1.item first as item  where linkId =  'EmCare.B22.DE46' then {
            src -> bundle.entry as entry  then {
                src -> entry.request as request, request.method = 'POST' , uuid() as uuid, request.url = append('/Observation/', uuid) 'b50ac4c5';
                src -> entry.resource = create('Observation') as tgt then {
                    src -> tgt then emcareobservationemcareb22de46(src, tgt) 'd4ea6333';
                } '1ee0adeb';
            } '9266b262';
        } '7cb570a9';
    } '036e28cc';
    src.item first as itm1  where linkId =  'EmCare.B22.SecondTemperature' then {
        itm1.item first as item  where linkId =  'EmCare.B22.DE47' then {
            src -> bundle.entry as entry  then {
                src -> entry.request as request, request.method = 'POST' , uuid() as uuid, request.url = append('/Observation/', uuid) 'b50ac4c5';
                src -> entry.resource = create('Observation') as tgt then {
                    src -> tgt then emcareobservationemcareb22de47(src, tgt) '27e1ae58';
                } '68ad31bf';
            } '6ac0c1c9';
        } '8f6c8d84';
    } '646a0cad';
    src.item first as itm1  where linkId =  'EmCare.B22.SecondTemperature' then {
        itm1.item first as item  where linkId =  'EmCare.B22.DE48' then {
            src -> bundle.entry as entry  then {
                src -> entry.request as request, request.method = 'POST' , uuid() as uuid, request.url = append('/Observation/', uuid) 'b50ac4c5';
                src -> entry.resource = create('Observation') as tgt then {
                    src -> tgt then emcareobservationemcareb22de48(src, tgt) 'ebd9f8dd';
                } '0ff257eb';
            } '5298a100';
        } '9883ce92';
    } '6ae1755e';
    src.item first as itm1  where linkId =  'EmCare.B22.SecondTemperature' then {
        itm1.item first as item  where linkId =  'EmCare.B22.DE49' then {
            src -> bundle.entry as entry  then {
                src -> entry.request as request, request.method = 'POST' , uuid() as uuid, request.url = append('/Observation/', uuid) 'b50ac4c5';
                src -> entry.resource = create('Observation') as tgt then {
                    src -> tgt then emcareobservationemcareb22de49(src, tgt) 'a89019c0';
                } '72de9b10';
            } '1214d7bc';
        } 'bfa14040';
    } 'b465badb';
    src.item first as itm1  where linkId =  'EmCare.B22.SecondTemperature' then {
        itm1.item first as item  where linkId =  'EmCare.B22.DE50' then {
            src -> bundle.entry as entry  then {
                src -> entry.request as request, request.method = 'POST' , uuid() as uuid, request.url = append('/Observation/', uuid) 'b50ac4c5';
                src -> entry.resource = create('Observation') as tgt then {
                    src -> tgt then emcareobservationemcareb22de50(src, tgt) 'b5c48578';
                } '1d3deeec';
            } '82120e52';
        } 'cdec85a5';
    } '0eb30ba6';
    src.item first as itm1  where linkId =  'EmCare.B22.SecondTemperature' then {
        itm1.item first as item  where linkId =  'EmCare.B22.DE51' then {
            src -> bundle.entry as entry  then {
                src -> entry.request as request, request.method = 'POST' , uuid() as uuid, request.url = append('/Observation/', uuid) 'b50ac4c5';
                src -> entry.resource = create('Observation') as tgt then {
                    src -> tgt then emcareobservationemcareb22de51(src, tgt) 'bd5240e4';
                } '60b09c87';
            } '118f1a8c';
        } '6dc4713e';
    } '84e21066';
    src.item first as itm1  where linkId =  'EmCare.B22.SecondTemperature' then {
        itm1.item first as item  where linkId =  'EmCare.B22.DE52' then {
            src -> bundle.entry as entry  then {
                src -> entry.request as request, request.method = 'POST' , uuid() as uuid, request.url = append('/Observation/', uuid) 'b50ac4c5';
                src -> entry.resource = create('Observation') as tgt then {
                    src -> tgt then emcareobservationemcareb22de52(src, tgt) '8e38ed2f';
                } 'a4e729c2';
            } 'bf7a0ae3';
        } 'd31035bd';
    } '0d954962';
}

group emcareobservationemcareb22de01(source src,target tgt){
        src -> tgt.identifier = create('Identifier') as CodeID,
            CodeID.system = 'http://hl7.org/fhir/namingsystem-identifier-type',
            CodeID.use =  'official',
            CodeID.value = 'uuid',
            CodeID.id = uuid()
         'id-emcareb22de01';
    src.encounter as encounter -> tgt.encounter = encounter '35bc6b82';
        src.subject as subject -> tgt.subject = subject,
            tgt.meta = create('Meta') as newMeta, newMeta.profile = 'https://fhir.dk.swisstph-mis.ch/matchbox/fhir/StructureDefinition/emcareobservation',
            tgt.code = create('CodeableConcept') as concept, concept.coding = create('Coding') as coding,
                coding.system = 'https://fhir.dk.swisstph-mis.ch/matchbox/fhir/CodeSystem/emcare-custom-codes',
                coding.code = 'EmCare.B22.DE01'
         'code-emcareb22de01';
    src.item as item where linkId  =  'timestamp' then {
        item.answer first as a then {
            a.value as val -> tgt.issued = val  '8945c96b';
        } '4272fc8b';
    } 'f4472f32';
    src.subject as subject -> tgt.subject = subject  'patient';
    src.item first as itm1  where linkId =  'EmCare.B22.RespiratoryRate' then {
        itm1.item first as item  where linkId =  'EmCare.B22.DE01' then {
            item.answer first as a then {
                a.value as val -> tgt.value = val, tgt.status = 'final' 'val-emcareb22de01';
            } 'd40466ff';
        } '0de4c98e';
    } '7e51b8e0';
}

group emcareobservationemcareb22de02(source src,target tgt){
        src -> tgt.identifier = create('Identifier') as CodeID,
            CodeID.system = 'http://hl7.org/fhir/namingsystem-identifier-type',
            CodeID.use =  'official',
            CodeID.value = 'uuid',
            CodeID.id = uuid()
         'id-emcareb22de02';
    src.encounter as encounter -> tgt.encounter = encounter '35bc6b82';
        src.subject as subject -> tgt.subject = subject,
            tgt.meta = create('Meta') as newMeta, newMeta.profile = 'https://fhir.dk.swisstph-mis.ch/matchbox/fhir/StructureDefinition/emcareobservation',
            tgt.code = create('CodeableConcept') as concept, concept.coding = create('Coding') as coding,
                coding.system = 'https://fhir.dk.swisstph-mis.ch/matchbox/fhir/CodeSystem/emcare-custom-codes',
                coding.code = 'EmCare.B22.DE02'
         'code-emcareb22de02';
    src.item as item where linkId  =  'timestamp' then {
        item.answer first as a then {
            a.value as val -> tgt.issued = val  '8945c96b';
        } '4272fc8b';
    } 'f4472f32';
    src.subject as subject -> tgt.subject = subject  'patient';
    src.item first as itm1  where linkId =  'EmCare.B22.RespiratoryRate' then {
        itm1.item first as item  where linkId =  'EmCare.B22.DE02' then {
            item.answer first as a then {
                a.value as val  where val != 'none' -> tgt.value = val, tgt.status = 'final' 'final-emcareb22de02';
                 a  where a.value = 'none' -> tgt.status = 'cancelled'  'notfound-emcareb22de02';
            } '0a27a0eb';
        } 'b086f881';
    } '3bc00072';
}

group emcareobservationemcareb22de03(source src,target tgt){
        src -> tgt.identifier = create('Identifier') as CodeID,
            CodeID.system = 'http://hl7.org/fhir/namingsystem-identifier-type',
            CodeID.use =  'official',
            CodeID.value = 'uuid',
            CodeID.id = uuid()
         'id-emcareb22de03';
    src.encounter as encounter -> tgt.encounter = encounter '35bc6b82';
        src.subject as subject -> tgt.subject = subject,
            tgt.meta = create('Meta') as newMeta, newMeta.profile = 'https://fhir.dk.swisstph-mis.ch/matchbox/fhir/StructureDefinition/emcareobservation',
            tgt.code = create('CodeableConcept') as concept, concept.coding = create('Coding') as coding,
                coding.system = 'https://fhir.dk.swisstph-mis.ch/matchbox/fhir/CodeSystem/emcare-custom-codes',
                coding.code = 'EmCare.B22.DE03'
         'code-emcareb22de03';
    src.item as item where linkId  =  'timestamp' then {
        item.answer first as a then {
            a.value as val -> tgt.issued = val  '8945c96b';
        } '4272fc8b';
    } 'f4472f32';
    src.subject as subject -> tgt.subject = subject  'patient';
    src.item first as itm1  where linkId =  'EmCare.B22.RespiratoryRate' then {
        itm1.item first as item  where linkId =  'EmCare.B22.DE03' then {
            item.answer first as a then {
                a.value as val -> tgt.value = val, tgt.status = 'final' 'val-emcareb22de03';
            } 'd40466ff';
        } '0d1d594b';
    } 'd7827ca6';
}

group emcareobservationemcareb22de04(source src,target tgt){
        src -> tgt.identifier = create('Identifier') as CodeID,
            CodeID.system = 'http://hl7.org/fhir/namingsystem-identifier-type',
            CodeID.use =  'official',
            CodeID.value = 'uuid',
            CodeID.id = uuid()
         'id-emcareb22de04';
    src.encounter as encounter -> tgt.encounter = encounter '35bc6b82';
        src.subject as subject -> tgt.subject = subject,
            tgt.meta = create('Meta') as newMeta, newMeta.profile = 'https://fhir.dk.swisstph-mis.ch/matchbox/fhir/StructureDefinition/emcareobservation',
            tgt.code = create('CodeableConcept') as concept, concept.coding = create('Coding') as coding,
                coding.system = 'https://fhir.dk.swisstph-mis.ch/matchbox/fhir/CodeSystem/emcare-custom-codes',
                coding.code = 'EmCare.B22.DE04'
         'code-emcareb22de04';
    src.item as item where linkId  =  'timestamp' then {
        item.answer first as a then {
            a.value as val -> tgt.issued = val  '8945c96b';
        } '4272fc8b';
    } 'f4472f32';
    src.subject as subject -> tgt.subject = subject  'patient';
    src.item first as itm1  where linkId =  'EmCare.B22.RespiratoryRate' then {
        itm1.item first as item  where linkId =  'EmCare.B22.DE04' then {
            item.answer first as a then {
                a.value as val -> tgt.value = val, tgt.status = 'final' 'val-emcareb22de04';
            } 'd40466ff';
        } 'f8e93af0';
    } '0c1f34bf';
}

group emcareobservationemcareb22de05(source src,target tgt){
        src -> tgt.identifier = create('Identifier') as CodeID,
            CodeID.system = 'http://hl7.org/fhir/namingsystem-identifier-type',
            CodeID.use =  'official',
            CodeID.value = 'uuid',
            CodeID.id = uuid()
         'id-emcareb22de05';
    src.encounter as encounter -> tgt.encounter = encounter '35bc6b82';
        src.subject as subject -> tgt.subject = subject,
            tgt.meta = create('Meta') as newMeta, newMeta.profile = 'https://fhir.dk.swisstph-mis.ch/matchbox/fhir/StructureDefinition/emcareobservation',
            tgt.code = create('CodeableConcept') as concept, concept.coding = create('Coding') as coding,
                coding.system = 'https://fhir.dk.swisstph-mis.ch/matchbox/fhir/CodeSystem/emcare-custom-codes',
                coding.code = 'EmCare.B22.DE05'
         'code-emcareb22de05';
    src.item as item where linkId  =  'timestamp' then {
        item.answer first as a then {
            a.value as val -> tgt.issued = val  '8945c96b';
        } '4272fc8b';
    } 'f4472f32';
    src.subject as subject -> tgt.subject = subject  'patient';
    src.item first as itm1  where linkId =  'EmCare.B22.RespiratoryRate' then {
        itm1.item first as item  where linkId =  'EmCare.B22.DE05' then {
            item.answer first as a then {
                a.value as val  where val != 'none' -> tgt.value = val, tgt.status = 'final' 'final-emcareb22de05';
                 a  where a.value = 'none' -> tgt.status = 'cancelled'  'notfound-emcareb22de05';
            } '0a27a0eb';
        } 'be19613f';
    } 'c41b4cf5';
}

group emcareobservationemcareb22de07(source src,target tgt){
        src -> tgt.identifier = create('Identifier') as CodeID,
            CodeID.system = 'http://hl7.org/fhir/namingsystem-identifier-type',
            CodeID.use =  'official',
            CodeID.value = 'uuid',
            CodeID.id = uuid()
         'id-emcareb22de07';
    src.encounter as encounter -> tgt.encounter = encounter '35bc6b82';
        src.subject as subject -> tgt.subject = subject,
            tgt.meta = create('Meta') as newMeta, newMeta.profile = 'https://fhir.dk.swisstph-mis.ch/matchbox/fhir/StructureDefinition/emcareobservation',
            tgt.code = create('CodeableConcept') as concept, concept.coding = create('Coding') as coding,
                coding.system = 'https://fhir.dk.swisstph-mis.ch/matchbox/fhir/CodeSystem/emcare-custom-codes',
                coding.code = 'EmCare.B22.DE07'
         'code-emcareb22de07';
    src.item as item where linkId  =  'timestamp' then {
        item.answer first as a then {
            a.value as val -> tgt.issued = val  '8945c96b';
        } '4272fc8b';
    } 'f4472f32';
    src.subject as subject -> tgt.subject = subject  'patient';
    src.item first as itm1  where linkId =  'EmCare.B22.RespiratoryRate' then {
        itm1.item first as item  where linkId =  'EmCare.B22.DE07' then {
            item.answer first as a then {
                a.value as val  where val != 'none' -> tgt.value = val, tgt.status = 'final' 'final-emcareb22de07';
                 a  where a.value = 'none' -> tgt.status = 'cancelled'  'notfound-emcareb22de07';
            } '0a27a0eb';
        } '925b2b53';
    } '8de4035a';
}

group emcareobservationemcareb22de08(source src,target tgt){
        src -> tgt.identifier = create('Identifier') as CodeID,
            CodeID.system = 'http://hl7.org/fhir/namingsystem-identifier-type',
            CodeID.use =  'official',
            CodeID.value = 'uuid',
            CodeID.id = uuid()
         'id-emcareb22de08';
    src.encounter as encounter -> tgt.encounter = encounter '35bc6b82';
        src.subject as subject -> tgt.subject = subject,
            tgt.meta = create('Meta') as newMeta, newMeta.profile = 'https://fhir.dk.swisstph-mis.ch/matchbox/fhir/StructureDefinition/emcareobservation',
            tgt.code = create('CodeableConcept') as concept, concept.coding = create('Coding') as coding,
                coding.system = 'https://fhir.dk.swisstph-mis.ch/matchbox/fhir/CodeSystem/emcare-custom-codes',
                coding.code = 'EmCare.B22.DE08'
         'code-emcareb22de08';
    src.item as item where linkId  =  'timestamp' then {
        item.answer first as a then {
            a.value as val -> tgt.issued = val  '8945c96b';
        } '4272fc8b';
    } 'f4472f32';
    src.subject as subject -> tgt.subject = subject  'patient';
    src.item first as itm1  where linkId =  'EmCare.B22.FluidTest' then {
        itm1.item first as item  where linkId =  'EmCare.B22.DE08' then {
            item.answer first as a then {
                a.value as val  where val != 'none' -> tgt.value = val, tgt.status = 'final' 'final-emcareb22de08';
                 a  where a.value = 'none' -> tgt.status = 'cancelled'  'notfound-emcareb22de08';
            } '0a27a0eb';
        } '03279a19';
    } 'a1be8ebb';
}

group emcareobservationemcareb22de14(source src,target tgt){
        src -> tgt.identifier = create('Identifier') as CodeID,
            CodeID.system = 'http://hl7.org/fhir/namingsystem-identifier-type',
            CodeID.use =  'official',
            CodeID.value = 'uuid',
            CodeID.id = uuid()
         'id-emcareb22de14';
    src.encounter as encounter -> tgt.encounter = encounter '35bc6b82';
        src.subject as subject -> tgt.subject = subject,
            tgt.meta = create('Meta') as newMeta, newMeta.profile = 'https://fhir.dk.swisstph-mis.ch/matchbox/fhir/StructureDefinition/emcareobservation',
            tgt.code = create('CodeableConcept') as concept, concept.coding = create('Coding') as coding,
                coding.system = 'https://fhir.dk.swisstph-mis.ch/matchbox/fhir/CodeSystem/emcare-custom-codes',
                coding.code = 'EmCare.B22.DE14'
         'code-emcareb22de14';
    src.item as item where linkId  =  'timestamp' then {
        item.answer first as a then {
            a.value as val -> tgt.issued = val  '8945c96b';
        } '4272fc8b';
    } 'f4472f32';
    src.subject as subject -> tgt.subject = subject  'patient';
    src.item first as itm1  where linkId =  'EmCare.B22.FluidTest' then {
        itm1.item first as item  where linkId =  'EmCare.B22.DE14' then {
            item.answer first as a then {
                a.value as val  where val != 'none' -> tgt.value = val, tgt.status = 'final' 'final-emcareb22de14';
                 a  where a.value = 'none' -> tgt.status = 'cancelled'  'notfound-emcareb22de14';
            } '0a27a0eb';
        } '51a524b1';
    } 'cb295da7';
}

group emcareobservationemcareb22de14a(source src,target tgt){
        src -> tgt.identifier = create('Identifier') as CodeID,
            CodeID.system = 'http://hl7.org/fhir/namingsystem-identifier-type',
            CodeID.use =  'official',
            CodeID.value = 'uuid',
            CodeID.id = uuid()
         'id-emcareb22de14a';
    src.encounter as encounter -> tgt.encounter = encounter '35bc6b82';
        src.subject as subject -> tgt.subject = subject,
            tgt.meta = create('Meta') as newMeta, newMeta.profile = 'https://fhir.dk.swisstph-mis.ch/matchbox/fhir/StructureDefinition/emcareobservation',
            tgt.code = create('CodeableConcept') as concept, concept.coding = create('Coding') as coding,
                coding.system = 'https://fhir.dk.swisstph-mis.ch/matchbox/fhir/CodeSystem/emcare-custom-codes',
                coding.code = 'EmCare.B22.DE14a'
         'code-emcareb22de14a';
    src.item as item where linkId  =  'timestamp' then {
        item.answer first as a then {
            a.value as val -> tgt.issued = val  '8945c96b';
        } '4272fc8b';
    } 'f4472f32';
    src.subject as subject -> tgt.subject = subject  'patient';
    src.item first as itm1  where linkId =  'EmCare.B22.FluidTest' then {
        itm1.item first as item  where linkId =  'EmCare.B22.DE14a' then {
            item.answer first as a then {
                a  where a.value = true -> tgt.status = 'final', tgt.value = true 'final-emcareb22de14a';
                a  where a.value = false -> tgt.status = 'cancelled', tgt.value = false 'notfound-emcareb22de14a';
            } 'bdab9370';
        } 'c340536c';
    } 'a53e1b20';
}

group emcareobservationemcareb22de15(source src,target tgt){
        src -> tgt.identifier = create('Identifier') as CodeID,
            CodeID.system = 'http://hl7.org/fhir/namingsystem-identifier-type',
            CodeID.use =  'official',
            CodeID.value = 'uuid',
            CodeID.id = uuid()
         'id-emcareb22de15';
    src.encounter as encounter -> tgt.encounter = encounter '35bc6b82';
        src.subject as subject -> tgt.subject = subject,
            tgt.meta = create('Meta') as newMeta, newMeta.profile = 'https://fhir.dk.swisstph-mis.ch/matchbox/fhir/StructureDefinition/emcareobservation',
            tgt.code = create('CodeableConcept') as concept, concept.coding = create('Coding') as coding,
                coding.system = 'https://fhir.dk.swisstph-mis.ch/matchbox/fhir/CodeSystem/emcare-custom-codes',
                coding.code = 'EmCare.B22.DE15'
         'code-emcareb22de15';
    src.item as item where linkId  =  'timestamp' then {
        item.answer first as a then {
            a.value as val -> tgt.issued = val  '8945c96b';
        } '4272fc8b';
    } 'f4472f32';
    src.subject as subject -> tgt.subject = subject  'patient';
    src.item first as itm1  where linkId =  'EmCare.B22.FluidTest' then {
        itm1.item first as item  where linkId =  'EmCare.B22.DE15' then {
            item.answer first as a then {
                a.value as val  where val != 'none' -> tgt.value = val, tgt.status = 'final' 'final-emcareb22de15';
                 a  where a.value = 'none' -> tgt.status = 'cancelled'  'notfound-emcareb22de15';
            } '0a27a0eb';
        } '1eac7948';
    } '677a4925';
}

group emcareobservationemcareb22de16(source src,target tgt){
        src -> tgt.identifier = create('Identifier') as CodeID,
            CodeID.system = 'http://hl7.org/fhir/namingsystem-identifier-type',
            CodeID.use =  'official',
            CodeID.value = 'uuid',
            CodeID.id = uuid()
         'id-emcareb22de16';
    src.encounter as encounter -> tgt.encounter = encounter '35bc6b82';
        src.subject as subject -> tgt.subject = subject,
            tgt.meta = create('Meta') as newMeta, newMeta.profile = 'https://fhir.dk.swisstph-mis.ch/matchbox/fhir/StructureDefinition/emcareobservation',
            tgt.code = create('CodeableConcept') as concept, concept.coding = create('Coding') as coding,
                coding.system = 'https://fhir.dk.swisstph-mis.ch/matchbox/fhir/CodeSystem/emcare-custom-codes',
                coding.code = 'EmCare.B22.DE16'
         'code-emcareb22de16';
    src.item as item where linkId  =  'timestamp' then {
        item.answer first as a then {
            a.value as val -> tgt.issued = val  '8945c96b';
        } '4272fc8b';
    } 'f4472f32';
    src.subject as subject -> tgt.subject = subject  'patient';
    src.item first as itm1  where linkId =  'EmCare.B22.FluidTest' then {
        itm1.item first as item  where linkId =  'EmCare.B22.DE16' then {
            item.answer first as a then {
                a.value as val  where val != 'none' -> tgt.value = val, tgt.status = 'final' 'final-emcareb22de16';
                 a  where a.value = 'none' -> tgt.status = 'cancelled'  'notfound-emcareb22de16';
            } '0a27a0eb';
        } 'a4326149';
    } '56753731';
}

group emcareobservationemcareb22de22(source src,target tgt){
        src -> tgt.identifier = create('Identifier') as CodeID,
            CodeID.system = 'http://hl7.org/fhir/namingsystem-identifier-type',
            CodeID.use =  'official',
            CodeID.value = 'uuid',
            CodeID.id = uuid()
         'id-emcareb22de22';
    src.encounter as encounter -> tgt.encounter = encounter '35bc6b82';
        src.subject as subject -> tgt.subject = subject,
            tgt.meta = create('Meta') as newMeta, newMeta.profile = 'https://fhir.dk.swisstph-mis.ch/matchbox/fhir/StructureDefinition/emcareobservation',
            tgt.code = create('CodeableConcept') as concept, concept.coding = create('Coding') as coding,
                coding.system = 'https://fhir.dk.swisstph-mis.ch/matchbox/fhir/CodeSystem/emcare-custom-codes',
                coding.code = 'EmCare.B22.DE22'
         'code-emcareb22de22';
    src.item as item where linkId  =  'timestamp' then {
        item.answer first as a then {
            a.value as val -> tgt.issued = val  '8945c96b';
        } '4272fc8b';
    } 'f4472f32';
    src.subject as subject -> tgt.subject = subject  'patient';
    src.item first as itm1  where linkId =  'EmCare.B22.BronchodilatorTest' then {
        itm1.item first as item  where linkId =  'EmCare.B22.DE22' then {
            item.answer first as a then {
                a  where a.value = true -> tgt.status = 'final', tgt.value = true 'final-emcareb22de22';
                a  where a.value = false -> tgt.status = 'cancelled', tgt.value = false 'notfound-emcareb22de22';
            } 'bdab9370';
        } '0c8f3e9d';
    } '0a9bac2c';
}

group emcareobservationemcareb22de18(source src,target tgt){
        src -> tgt.identifier = create('Identifier') as CodeID,
            CodeID.system = 'http://hl7.org/fhir/namingsystem-identifier-type',
            CodeID.use =  'official',
            CodeID.value = 'uuid',
            CodeID.id = uuid()
         'id-emcareb22de18';
    src.encounter as encounter -> tgt.encounter = encounter '35bc6b82';
        src.subject as subject -> tgt.subject = subject,
            tgt.meta = create('Meta') as newMeta, newMeta.profile = 'https://fhir.dk.swisstph-mis.ch/matchbox/fhir/StructureDefinition/emcareobservation',
            tgt.code = create('CodeableConcept') as concept, concept.coding = create('Coding') as coding,
                coding.system = 'https://fhir.dk.swisstph-mis.ch/matchbox/fhir/CodeSystem/emcare-custom-codes',
                coding.code = 'EmCare.B22.DE18'
         'code-emcareb22de18';
    src.item as item where linkId  =  'timestamp' then {
        item.answer first as a then {
            a.value as val -> tgt.issued = val  '8945c96b';
        } '4272fc8b';
    } 'f4472f32';
    src.subject as subject -> tgt.subject = subject  'patient';
    src.item first as itm1  where linkId =  'EmCare.B22.BronchodilatorTest' then {
        itm1.item first as item  where linkId =  'EmCare.B22.DE18' then {
            item.answer first as a then {
                a  where a.value = true -> tgt.status = 'final', tgt.value = true 'final-emcareb22de18';
                a  where a.value = false -> tgt.status = 'cancelled', tgt.value = false 'notfound-emcareb22de18';
            } 'bdab9370';
        } '2411fe69';
    } '06a7b7cc';
}

group emcareobservationemcareb22de19(source src,target tgt){
        src -> tgt.identifier = create('Identifier') as CodeID,
            CodeID.system = 'http://hl7.org/fhir/namingsystem-identifier-type',
            CodeID.use =  'official',
            CodeID.value = 'uuid',
            CodeID.id = uuid()
         'id-emcareb22de19';
    src.encounter as encounter -> tgt.encounter = encounter '35bc6b82';
        src.subject as subject -> tgt.subject = subject,
            tgt.meta = create('Meta') as newMeta, newMeta.profile = 'https://fhir.dk.swisstph-mis.ch/matchbox/fhir/StructureDefinition/emcareobservation',
            tgt.code = create('CodeableConcept') as concept, concept.coding = create('Coding') as coding,
                coding.system = 'https://fhir.dk.swisstph-mis.ch/matchbox/fhir/CodeSystem/emcare-custom-codes',
                coding.code = 'EmCare.B22.DE19'
         'code-emcareb22de19';
    src.item as item where linkId  =  'timestamp' then {
        item.answer first as a then {
            a.value as val -> tgt.issued = val  '8945c96b';
        } '4272fc8b';
    } 'f4472f32';
    src.subject as subject -> tgt.subject = subject  'patient';
    src.item first as itm1  where linkId =  'EmCare.B22.BronchodilatorTest' then {
        itm1.item first as item  where linkId =  'EmCare.B22.DE19' then {
            item.answer first as a then {
                a  where a.value = true -> tgt.status = 'final', tgt.value = true 'final-emcareb22de19';
                a  where a.value = false -> tgt.status = 'cancelled', tgt.value = false 'notfound-emcareb22de19';
            } 'bdab9370';
        } 'b7142635';
    } 'f4c33cc2';
}

group emcareobservationemcareb22de20(source src,target tgt){
        src -> tgt.identifier = create('Identifier') as CodeID,
            CodeID.system = 'http://hl7.org/fhir/namingsystem-identifier-type',
            CodeID.use =  'official',
            CodeID.value = 'uuid',
            CodeID.id = uuid()
         'id-emcareb22de20';
    src.encounter as encounter -> tgt.encounter = encounter '35bc6b82';
        src.subject as subject -> tgt.subject = subject,
            tgt.meta = create('Meta') as newMeta, newMeta.profile = 'https://fhir.dk.swisstph-mis.ch/matchbox/fhir/StructureDefinition/emcareobservation',
            tgt.code = create('CodeableConcept') as concept, concept.coding = create('Coding') as coding,
                coding.system = 'https://fhir.dk.swisstph-mis.ch/matchbox/fhir/CodeSystem/emcare-custom-codes',
                coding.code = 'EmCare.B22.DE20'
         'code-emcareb22de20';
    src.item as item where linkId  =  'timestamp' then {
        item.answer first as a then {
            a.value as val -> tgt.issued = val  '8945c96b';
        } '4272fc8b';
    } 'f4472f32';
    src.subject as subject -> tgt.subject = subject  'patient';
    src.item first as itm1  where linkId =  'EmCare.B22.BronchodilatorTest' then {
        itm1.item first as item  where linkId =  'EmCare.B22.DE20' then {
            item.answer first as a then {
                a  where a.value = true -> tgt.status = 'final', tgt.value = true 'final-emcareb22de20';
                a  where a.value = false -> tgt.status = 'cancelled', tgt.value = false 'notfound-emcareb22de20';
            } 'bdab9370';
        } '6775585c';
    } '20f40130';
}

group emcareobservationemcareb22de21(source src,target tgt){
        src -> tgt.identifier = create('Identifier') as CodeID,
            CodeID.system = 'http://hl7.org/fhir/namingsystem-identifier-type',
            CodeID.use =  'official',
            CodeID.value = 'uuid',
            CodeID.id = uuid()
         'id-emcareb22de21';
    src.encounter as encounter -> tgt.encounter = encounter '35bc6b82';
        src.subject as subject -> tgt.subject = subject,
            tgt.meta = create('Meta') as newMeta, newMeta.profile = 'https://fhir.dk.swisstph-mis.ch/matchbox/fhir/StructureDefinition/emcareobservation',
            tgt.code = create('CodeableConcept') as concept, concept.coding = create('Coding') as coding,
                coding.system = 'https://fhir.dk.swisstph-mis.ch/matchbox/fhir/CodeSystem/emcare-custom-codes',
                coding.code = 'EmCare.B22.DE21'
         'code-emcareb22de21';
    src.item as item where linkId  =  'timestamp' then {
        item.answer first as a then {
            a.value as val -> tgt.issued = val  '8945c96b';
        } '4272fc8b';
    } 'f4472f32';
    src.subject as subject -> tgt.subject = subject  'patient';
    src.item first as itm1  where linkId =  'EmCare.B22.BronchodilatorTest' then {
        itm1.item first as item  where linkId =  'EmCare.B22.DE21' then {
            item.answer first as a then {
                a  where a.value = true -> tgt.status = 'final', tgt.value = true 'final-emcareb22de21';
                a  where a.value = false -> tgt.status = 'cancelled', tgt.value = false 'notfound-emcareb22de21';
            } 'bdab9370';
        } '2a562e37';
    } '81a7eadf';
}

group emcareobservationemcareb22de27(source src,target tgt){
        src -> tgt.identifier = create('Identifier') as CodeID,
            CodeID.system = 'http://hl7.org/fhir/namingsystem-identifier-type',
            CodeID.use =  'official',
            CodeID.value = 'uuid',
            CodeID.id = uuid()
         'id-emcareb22de27';
    src.encounter as encounter -> tgt.encounter = encounter '35bc6b82';
        src.subject as subject -> tgt.subject = subject,
            tgt.meta = create('Meta') as newMeta, newMeta.profile = 'https://fhir.dk.swisstph-mis.ch/matchbox/fhir/StructureDefinition/emcareobservation',
            tgt.code = create('CodeableConcept') as concept, concept.coding = create('Coding') as coding,
                coding.system = 'https://fhir.dk.swisstph-mis.ch/matchbox/fhir/CodeSystem/emcare-custom-codes',
                coding.code = 'EmCare.B22.DE27'
         'code-emcareb22de27';
    src.item as item where linkId  =  'timestamp' then {
        item.answer first as a then {
            a.value as val -> tgt.issued = val  '8945c96b';
        } '4272fc8b';
    } 'f4472f32';
    src.subject as subject -> tgt.subject = subject  'patient';
    src.item first as itm1  where linkId =  'EmCare.B22.BreastFeeding' then {
        itm1.item first as item  where linkId =  'EmCare.B22.DE27' then {
            item.answer first as a then {
                a.value as val  where val != 'none' -> tgt.value = val, tgt.status = 'final' 'final-emcareb22de27';
                 a  where a.value = 'none' -> tgt.status = 'cancelled'  'notfound-emcareb22de27';
            } '0a27a0eb';
        } 'f8ed6883';
    } '950d1c3a';
}

group emcareobservationemcareb22de28(source src,target tgt){
        src -> tgt.identifier = create('Identifier') as CodeID,
            CodeID.system = 'http://hl7.org/fhir/namingsystem-identifier-type',
            CodeID.use =  'official',
            CodeID.value = 'uuid',
            CodeID.id = uuid()
         'id-emcareb22de28';
    src.encounter as encounter -> tgt.encounter = encounter '35bc6b82';
        src.subject as subject -> tgt.subject = subject,
            tgt.meta = create('Meta') as newMeta, newMeta.profile = 'https://fhir.dk.swisstph-mis.ch/matchbox/fhir/StructureDefinition/emcareobservation',
            tgt.code = create('CodeableConcept') as concept, concept.coding = create('Coding') as coding,
                coding.system = 'https://fhir.dk.swisstph-mis.ch/matchbox/fhir/CodeSystem/emcare-custom-codes',
                coding.code = 'EmCare.B22.DE28'
         'code-emcareb22de28';
    src.item as item where linkId  =  'timestamp' then {
        item.answer first as a then {
            a.value as val -> tgt.issued = val  '8945c96b';
        } '4272fc8b';
    } 'f4472f32';
    src.subject as subject -> tgt.subject = subject  'patient';
    src.item first as itm1  where linkId =  'EmCare.B22.BreastFeeding' then {
        itm1.item first as item  where linkId =  'EmCare.B22.DE28' then {
            item.answer first as a then {
                a.value as val  where val != 'none' -> tgt.value = val, tgt.status = 'final' 'final-emcareb22de28';
                 a  where a.value = 'none' -> tgt.status = 'cancelled'  'notfound-emcareb22de28';
            } '0a27a0eb';
        } '3dbf17cd';
    } 'a0b70d8b';
}

group emcareobservationemcareb22de29(source src,target tgt){
        src -> tgt.identifier = create('Identifier') as CodeID,
            CodeID.system = 'http://hl7.org/fhir/namingsystem-identifier-type',
            CodeID.use =  'official',
            CodeID.value = 'uuid',
            CodeID.id = uuid()
         'id-emcareb22de29';
    src.encounter as encounter -> tgt.encounter = encounter '35bc6b82';
        src.subject as subject -> tgt.subject = subject,
            tgt.meta = create('Meta') as newMeta, newMeta.profile = 'https://fhir.dk.swisstph-mis.ch/matchbox/fhir/StructureDefinition/emcareobservation',
            tgt.code = create('CodeableConcept') as concept, concept.coding = create('Coding') as coding,
                coding.system = 'https://fhir.dk.swisstph-mis.ch/matchbox/fhir/CodeSystem/emcare-custom-codes',
                coding.code = 'EmCare.B22.DE29'
         'code-emcareb22de29';
    src.item as item where linkId  =  'timestamp' then {
        item.answer first as a then {
            a.value as val -> tgt.issued = val  '8945c96b';
        } '4272fc8b';
    } 'f4472f32';
    src.subject as subject -> tgt.subject = subject  'patient';
    src.item first as itm1  where linkId =  'EmCare.B22.BreastFeeding' then {
        itm1.item first as item  where linkId =  'EmCare.B22.DE29' then {
            item.answer first as a then {
                a.value as val  where val != 'none' -> tgt.value = val, tgt.status = 'final' 'final-emcareb22de29';
                 a  where a.value = 'none' -> tgt.status = 'cancelled'  'notfound-emcareb22de29';
            } '0a27a0eb';
        } '0adf3cc5';
    } '689a9132';
}

group emcareobservationemcareb22de30(source src,target tgt){
        src -> tgt.identifier = create('Identifier') as CodeID,
            CodeID.system = 'http://hl7.org/fhir/namingsystem-identifier-type',
            CodeID.use =  'official',
            CodeID.value = 'uuid',
            CodeID.id = uuid()
         'id-emcareb22de30';
    src.encounter as encounter -> tgt.encounter = encounter '35bc6b82';
        src.subject as subject -> tgt.subject = subject,
            tgt.meta = create('Meta') as newMeta, newMeta.profile = 'https://fhir.dk.swisstph-mis.ch/matchbox/fhir/StructureDefinition/emcareobservation',
            tgt.code = create('CodeableConcept') as concept, concept.coding = create('Coding') as coding,
                coding.system = 'https://fhir.dk.swisstph-mis.ch/matchbox/fhir/CodeSystem/emcare-custom-codes',
                coding.code = 'EmCare.B22.DE30'
         'code-emcareb22de30';
    src.item as item where linkId  =  'timestamp' then {
        item.answer first as a then {
            a.value as val -> tgt.issued = val  '8945c96b';
        } '4272fc8b';
    } 'f4472f32';
    src.subject as subject -> tgt.subject = subject  'patient';
    src.item first as itm1  where linkId =  'EmCare.B22.BreastFeeding' then {
        itm1.item first as item  where linkId =  'EmCare.B22.DE30' then {
            item.answer first as a then {
                a.value as val  where val != 'none' -> tgt.value = val, tgt.status = 'final' 'final-emcareb22de30';
                 a  where a.value = 'none' -> tgt.status = 'cancelled'  'notfound-emcareb22de30';
            } '0a27a0eb';
        } '9104a0d7';
    } 'cf856f93';
}

group emcareobservationemcareb22de31(source src,target tgt){
        src -> tgt.identifier = create('Identifier') as CodeID,
            CodeID.system = 'http://hl7.org/fhir/namingsystem-identifier-type',
            CodeID.use =  'official',
            CodeID.value = 'uuid',
            CodeID.id = uuid()
         'id-emcareb22de31';
    src.encounter as encounter -> tgt.encounter = encounter '35bc6b82';
        src.subject as subject -> tgt.subject = subject,
            tgt.meta = create('Meta') as newMeta, newMeta.profile = 'https://fhir.dk.swisstph-mis.ch/matchbox/fhir/StructureDefinition/emcareobservation',
            tgt.code = create('CodeableConcept') as concept, concept.coding = create('Coding') as coding,
                coding.system = 'https://fhir.dk.swisstph-mis.ch/matchbox/fhir/CodeSystem/emcare-custom-codes',
                coding.code = 'EmCare.B22.DE31'
         'code-emcareb22de31';
    src.item as item where linkId  =  'timestamp' then {
        item.answer first as a then {
            a.value as val -> tgt.issued = val  '8945c96b';
        } '4272fc8b';
    } 'f4472f32';
    src.subject as subject -> tgt.subject = subject  'patient';
    src.item first as itm1  where linkId =  'EmCare.B22.BreastFeeding' then {
        itm1.item first as item  where linkId =  'EmCare.B22.DE31' then {
            item.answer first as a then {
                a.value as val  where val != 'none' -> tgt.value = val, tgt.status = 'final' 'final-emcareb22de31';
                 a  where a.value = 'none' -> tgt.status = 'cancelled'  'notfound-emcareb22de31';
            } '0a27a0eb';
        } '70e88c62';
    } 'baddb791';
}

group emcareobservationemcareb22de32(source src,target tgt){
        src -> tgt.identifier = create('Identifier') as CodeID,
            CodeID.system = 'http://hl7.org/fhir/namingsystem-identifier-type',
            CodeID.use =  'official',
            CodeID.value = 'uuid',
            CodeID.id = uuid()
         'id-emcareb22de32';
    src.encounter as encounter -> tgt.encounter = encounter '35bc6b82';
        src.subject as subject -> tgt.subject = subject,
            tgt.meta = create('Meta') as newMeta, newMeta.profile = 'https://fhir.dk.swisstph-mis.ch/matchbox/fhir/StructureDefinition/emcareobservation',
            tgt.code = create('CodeableConcept') as concept, concept.coding = create('Coding') as coding,
                coding.system = 'https://fhir.dk.swisstph-mis.ch/matchbox/fhir/CodeSystem/emcare-custom-codes',
                coding.code = 'EmCare.B22.DE32'
         'code-emcareb22de32';
    src.item as item where linkId  =  'timestamp' then {
        item.answer first as a then {
            a.value as val -> tgt.issued = val  '8945c96b';
        } '4272fc8b';
    } 'f4472f32';
    src.subject as subject -> tgt.subject = subject  'patient';
    src.item first as itm1  where linkId =  'EmCare.B22.BreastFeeding' then {
        itm1.item first as item  where linkId =  'EmCare.B22.DE32' then {
            item.answer first as a then {
                a.value as val  where val != 'none' -> tgt.value = val, tgt.status = 'final' 'final-emcareb22de32';
                 a  where a.value = 'none' -> tgt.status = 'cancelled'  'notfound-emcareb22de32';
            } '0a27a0eb';
        } 'bdfa764b';
    } '36298e28';
}

group emcareobservationemcareb22de33(source src,target tgt){
        src -> tgt.identifier = create('Identifier') as CodeID,
            CodeID.system = 'http://hl7.org/fhir/namingsystem-identifier-type',
            CodeID.use =  'official',
            CodeID.value = 'uuid',
            CodeID.id = uuid()
         'id-emcareb22de33';
    src.encounter as encounter -> tgt.encounter = encounter '35bc6b82';
        src.subject as subject -> tgt.subject = subject,
            tgt.meta = create('Meta') as newMeta, newMeta.profile = 'https://fhir.dk.swisstph-mis.ch/matchbox/fhir/StructureDefinition/emcareobservation',
            tgt.code = create('CodeableConcept') as concept, concept.coding = create('Coding') as coding,
                coding.system = 'https://fhir.dk.swisstph-mis.ch/matchbox/fhir/CodeSystem/emcare-custom-codes',
                coding.code = 'EmCare.B22.DE33'
         'code-emcareb22de33';
    src.item as item where linkId  =  'timestamp' then {
        item.answer first as a then {
            a.value as val -> tgt.issued = val  '8945c96b';
        } '4272fc8b';
    } 'f4472f32';
    src.subject as subject -> tgt.subject = subject  'patient';
    src.item first as itm1  where linkId =  'EmCare.B22.BreastFeeding' then {
        itm1.item first as item  where linkId =  'EmCare.B22.DE33' then {
            item.answer first as a then {
                a.value as val  where val != 'none' -> tgt.value = val, tgt.status = 'final' 'final-emcareb22de33';
                 a  where a.value = 'none' -> tgt.status = 'cancelled'  'notfound-emcareb22de33';
            } '0a27a0eb';
        } '6aa05e41';
    } 'c2257bd0';
}

group emcareobservationemcareb22de34(source src,target tgt){
        src -> tgt.identifier = create('Identifier') as CodeID,
            CodeID.system = 'http://hl7.org/fhir/namingsystem-identifier-type',
            CodeID.use =  'official',
            CodeID.value = 'uuid',
            CodeID.id = uuid()
         'id-emcareb22de34';
    src.encounter as encounter -> tgt.encounter = encounter '35bc6b82';
        src.subject as subject -> tgt.subject = subject,
            tgt.meta = create('Meta') as newMeta, newMeta.profile = 'https://fhir.dk.swisstph-mis.ch/matchbox/fhir/StructureDefinition/emcareobservation',
            tgt.code = create('CodeableConcept') as concept, concept.coding = create('Coding') as coding,
                coding.system = 'https://fhir.dk.swisstph-mis.ch/matchbox/fhir/CodeSystem/emcare-custom-codes',
                coding.code = 'EmCare.B22.DE34'
         'code-emcareb22de34';
    src.item as item where linkId  =  'timestamp' then {
        item.answer first as a then {
            a.value as val -> tgt.issued = val  '8945c96b';
        } '4272fc8b';
    } 'f4472f32';
    src.subject as subject -> tgt.subject = subject  'patient';
    src.item first as itm1  where linkId =  'EmCare.B22.BreastFeeding' then {
        itm1.item first as item  where linkId =  'EmCare.B22.DE34' then {
            item.answer first as a then {
                a.value as val  where val != 'none' -> tgt.value = val, tgt.status = 'final' 'final-emcareb22de34';
                 a  where a.value = 'none' -> tgt.status = 'cancelled'  'notfound-emcareb22de34';
            } '0a27a0eb';
        } 'cbd4b0d0';
    } 'b1d8ae05';
}

group emcareobservationemcareb22de35(source src,target tgt){
        src -> tgt.identifier = create('Identifier') as CodeID,
            CodeID.system = 'http://hl7.org/fhir/namingsystem-identifier-type',
            CodeID.use =  'official',
            CodeID.value = 'uuid',
            CodeID.id = uuid()
         'id-emcareb22de35';
    src.encounter as encounter -> tgt.encounter = encounter '35bc6b82';
        src.subject as subject -> tgt.subject = subject,
            tgt.meta = create('Meta') as newMeta, newMeta.profile = 'https://fhir.dk.swisstph-mis.ch/matchbox/fhir/StructureDefinition/emcareobservation',
            tgt.code = create('CodeableConcept') as concept, concept.coding = create('Coding') as coding,
                coding.system = 'https://fhir.dk.swisstph-mis.ch/matchbox/fhir/CodeSystem/emcare-custom-codes',
                coding.code = 'EmCare.B22.DE35'
         'code-emcareb22de35';
    src.item as item where linkId  =  'timestamp' then {
        item.answer first as a then {
            a.value as val -> tgt.issued = val  '8945c96b';
        } '4272fc8b';
    } 'f4472f32';
    src.subject as subject -> tgt.subject = subject  'patient';
    src.item first as itm1  where linkId =  'EmCare.B22.BreastFeeding' then {
        itm1.item first as item  where linkId =  'EmCare.B22.DE35' then {
            item.answer first as a then {
                a.value as val  where val != 'none' -> tgt.value = val, tgt.status = 'final' 'final-emcareb22de35';
                 a  where a.value = 'none' -> tgt.status = 'cancelled'  'notfound-emcareb22de35';
            } '0a27a0eb';
        } 'b8ec8288';
    } '0559ec8d';
}

group emcareobservationemcareb22de36(source src,target tgt){
        src -> tgt.identifier = create('Identifier') as CodeID,
            CodeID.system = 'http://hl7.org/fhir/namingsystem-identifier-type',
            CodeID.use =  'official',
            CodeID.value = 'uuid',
            CodeID.id = uuid()
         'id-emcareb22de36';
    src.encounter as encounter -> tgt.encounter = encounter '35bc6b82';
        src.subject as subject -> tgt.subject = subject,
            tgt.meta = create('Meta') as newMeta, newMeta.profile = 'https://fhir.dk.swisstph-mis.ch/matchbox/fhir/StructureDefinition/emcareobservation',
            tgt.code = create('CodeableConcept') as concept, concept.coding = create('Coding') as coding,
                coding.system = 'https://fhir.dk.swisstph-mis.ch/matchbox/fhir/CodeSystem/emcare-custom-codes',
                coding.code = 'EmCare.B22.DE36'
         'code-emcareb22de36';
    src.item as item where linkId  =  'timestamp' then {
        item.answer first as a then {
            a.value as val -> tgt.issued = val  '8945c96b';
        } '4272fc8b';
    } 'f4472f32';
    src.subject as subject -> tgt.subject = subject  'patient';
    src.item first as itm1  where linkId =  'EmCare.B22.BreastFeeding' then {
        itm1.item first as item  where linkId =  'EmCare.B22.DE36' then {
            item.answer first as a then {
                a.value as val  where val != 'none' -> tgt.value = val, tgt.status = 'final' 'final-emcareb22de36';
                 a  where a.value = 'none' -> tgt.status = 'cancelled'  'notfound-emcareb22de36';
            } '0a27a0eb';
        } '48d436fb';
    } '65075a2c';
}

group emcareobservationemcareb22de41(source src,target tgt){
        src -> tgt.identifier = create('Identifier') as CodeID,
            CodeID.system = 'http://hl7.org/fhir/namingsystem-identifier-type',
            CodeID.use =  'official',
            CodeID.value = 'uuid',
            CodeID.id = uuid()
         'id-emcareb22de41';
    src.encounter as encounter -> tgt.encounter = encounter '35bc6b82';
        src.subject as subject -> tgt.subject = subject,
            tgt.meta = create('Meta') as newMeta, newMeta.profile = 'https://fhir.dk.swisstph-mis.ch/matchbox/fhir/StructureDefinition/emcareobservation',
            tgt.code = create('CodeableConcept') as concept, concept.coding = create('Coding') as coding,
                coding.system = 'https://fhir.dk.swisstph-mis.ch/matchbox/fhir/CodeSystem/emcare-custom-codes',
                coding.code = 'EmCare.B22.DE41'
         'code-emcareb22de41';
    src.item as item where linkId  =  'timestamp' then {
        item.answer first as a then {
            a.value as val -> tgt.issued = val  '8945c96b';
        } '4272fc8b';
    } 'f4472f32';
    src.subject as subject -> tgt.subject = subject  'patient';
    src.item first as itm1  where linkId =  'EmCare.B22.BreastFeeding' then {
        itm1.item first as item  where linkId =  'EmCare.B22.DE41' then {
            item.answer first as a then {
                a.value as val  where val != 'none' -> tgt.value = val, tgt.status = 'final' 'final-emcareb22de41';
                 a  where a.value = 'none' -> tgt.status = 'cancelled'  'notfound-emcareb22de41';
            } '0a27a0eb';
        } '2b850051';
    } 'fec93dad';
}

group emcareobservationemcareb22de42(source src,target tgt){
        src -> tgt.identifier = create('Identifier') as CodeID,
            CodeID.system = 'http://hl7.org/fhir/namingsystem-identifier-type',
            CodeID.use =  'official',
            CodeID.value = 'uuid',
            CodeID.id = uuid()
         'id-emcareb22de42';
    src.encounter as encounter -> tgt.encounter = encounter '35bc6b82';
        src.subject as subject -> tgt.subject = subject,
            tgt.meta = create('Meta') as newMeta, newMeta.profile = 'https://fhir.dk.swisstph-mis.ch/matchbox/fhir/StructureDefinition/emcareobservation',
            tgt.code = create('CodeableConcept') as concept, concept.coding = create('Coding') as coding,
                coding.system = 'https://fhir.dk.swisstph-mis.ch/matchbox/fhir/CodeSystem/emcare-custom-codes',
                coding.code = 'EmCare.B22.DE42'
         'code-emcareb22de42';
    src.item as item where linkId  =  'timestamp' then {
        item.answer first as a then {
            a.value as val -> tgt.issued = val  '8945c96b';
        } '4272fc8b';
    } 'f4472f32';
    src.subject as subject -> tgt.subject = subject  'patient';
    src.item first as itm1  where linkId =  'EmCare.B22.BreastFeeding' then {
        itm1.item first as item  where linkId =  'EmCare.B22.DE42' then {
            item.answer first as a then {
                a.value as val  where val != 'none' -> tgt.value = val, tgt.status = 'final' 'final-emcareb22de42';
                 a  where a.value = 'none' -> tgt.status = 'cancelled'  'notfound-emcareb22de42';
            } '0a27a0eb';
        } '4fdf951f';
    } 'b4bf354c';
}

group emcareobservationemcareb22de43(source src,target tgt){
        src -> tgt.identifier = create('Identifier') as CodeID,
            CodeID.system = 'http://hl7.org/fhir/namingsystem-identifier-type',
            CodeID.use =  'official',
            CodeID.value = 'uuid',
            CodeID.id = uuid()
         'id-emcareb22de43';
    src.encounter as encounter -> tgt.encounter = encounter '35bc6b82';
        src.subject as subject -> tgt.subject = subject,
            tgt.meta = create('Meta') as newMeta, newMeta.profile = 'https://fhir.dk.swisstph-mis.ch/matchbox/fhir/StructureDefinition/emcareobservation',
            tgt.code = create('CodeableConcept') as concept, concept.coding = create('Coding') as coding,
                coding.system = 'https://fhir.dk.swisstph-mis.ch/matchbox/fhir/CodeSystem/emcare-custom-codes',
                coding.code = 'EmCare.B22.DE43'
         'code-emcareb22de43';
    src.item as item where linkId  =  'timestamp' then {
        item.answer first as a then {
            a.value as val -> tgt.issued = val  '8945c96b';
        } '4272fc8b';
    } 'f4472f32';
    src.subject as subject -> tgt.subject = subject  'patient';
    src.item first as itm1  where linkId =  'EmCare.B22.BreastFeeding' then {
        itm1.item first as item  where linkId =  'EmCare.B22.DE43' then {
            item.answer first as a then {
                a.value as val  where val != 'none' -> tgt.value = val, tgt.status = 'final' 'final-emcareb22de43';
                 a  where a.value = 'none' -> tgt.status = 'cancelled'  'notfound-emcareb22de43';
            } '0a27a0eb';
        } '148a6272';
    } '09092cbf';
}

group emcareobservationemcareb22de44(source src,target tgt){
        src -> tgt.identifier = create('Identifier') as CodeID,
            CodeID.system = 'http://hl7.org/fhir/namingsystem-identifier-type',
            CodeID.use =  'official',
            CodeID.value = 'uuid',
            CodeID.id = uuid()
         'id-emcareb22de44';
    src.encounter as encounter -> tgt.encounter = encounter '35bc6b82';
        src.subject as subject -> tgt.subject = subject,
            tgt.meta = create('Meta') as newMeta, newMeta.profile = 'https://fhir.dk.swisstph-mis.ch/matchbox/fhir/StructureDefinition/emcareobservation',
            tgt.code = create('CodeableConcept') as concept, concept.coding = create('Coding') as coding,
                coding.system = 'https://fhir.dk.swisstph-mis.ch/matchbox/fhir/CodeSystem/emcare-custom-codes',
                coding.code = 'EmCare.B22.DE44'
         'code-emcareb22de44';
    src.item as item where linkId  =  'timestamp' then {
        item.answer first as a then {
            a.value as val -> tgt.issued = val  '8945c96b';
        } '4272fc8b';
    } 'f4472f32';
    src.subject as subject -> tgt.subject = subject  'patient';
    src.item first as itm1  where linkId =  'EmCare.B22.BreastFeeding' then {
        itm1.item first as item  where linkId =  'EmCare.B22.DE44' then {
            item.answer first as a then {
                a.value as val  where val != 'none' -> tgt.value = val, tgt.status = 'final' 'final-emcareb22de44';
                 a  where a.value = 'none' -> tgt.status = 'cancelled'  'notfound-emcareb22de44';
            } '0a27a0eb';
        } '9128db8e';
    } '6c5b61ae';
}

group emcareobservationemcareb22de45(source src,target tgt){
        src -> tgt.identifier = create('Identifier') as CodeID,
            CodeID.system = 'http://hl7.org/fhir/namingsystem-identifier-type',
            CodeID.use =  'official',
            CodeID.value = 'uuid',
            CodeID.id = uuid()
         'id-emcareb22de45';
    src.encounter as encounter -> tgt.encounter = encounter '35bc6b82';
        src.subject as subject -> tgt.subject = subject,
            tgt.meta = create('Meta') as newMeta, newMeta.profile = 'https://fhir.dk.swisstph-mis.ch/matchbox/fhir/StructureDefinition/emcareobservation',
            tgt.code = create('CodeableConcept') as concept, concept.coding = create('Coding') as coding,
                coding.system = 'https://fhir.dk.swisstph-mis.ch/matchbox/fhir/CodeSystem/emcare-custom-codes',
                coding.code = 'EmCare.B22.DE45'
         'code-emcareb22de45';
    src.item as item where linkId  =  'timestamp' then {
        item.answer first as a then {
            a.value as val -> tgt.issued = val  '8945c96b';
        } '4272fc8b';
    } 'f4472f32';
    src.subject as subject -> tgt.subject = subject  'patient';
    src.item first as itm1  where linkId =  'EmCare.B22.BreastFeeding' then {
        itm1.item first as item  where linkId =  'EmCare.B22.DE45' then {
            item.answer first as a then {
                a.value as val  where val != 'none' -> tgt.value = val, tgt.status = 'final' 'final-emcareb22de45';
                 a  where a.value = 'none' -> tgt.status = 'cancelled'  'notfound-emcareb22de45';
            } '0a27a0eb';
        } '84f090ef';
    } '295b01f6';
}

group emcareobservationemcareb22de81(source src,target tgt){
        src -> tgt.identifier = create('Identifier') as CodeID,
            CodeID.system = 'http://hl7.org/fhir/namingsystem-identifier-type',
            CodeID.use =  'official',
            CodeID.value = 'uuid',
            CodeID.id = uuid()
         'id-emcareb22de81';
    src.encounter as encounter -> tgt.encounter = encounter '35bc6b82';
        src.subject as subject -> tgt.subject = subject,
            tgt.meta = create('Meta') as newMeta, newMeta.profile = 'https://fhir.dk.swisstph-mis.ch/matchbox/fhir/StructureDefinition/emcareobservation',
            tgt.code = create('CodeableConcept') as concept, concept.coding = create('Coding') as coding,
                coding.system = 'https://fhir.dk.swisstph-mis.ch/matchbox/fhir/CodeSystem/emcare-custom-codes',
                coding.code = 'EmCare.B22.DE81'
         'code-emcareb22de81';
    src.item as item where linkId  =  'timestamp' then {
        item.answer first as a then {
            a.value as val -> tgt.issued = val  '8945c96b';
        } '4272fc8b';
    } 'f4472f32';
    src.subject as subject -> tgt.subject = subject  'patient';
    src.item first as itm1  where linkId =  'EmCare.B22.Hemoglobin' then {
        itm1.item first as item  where linkId =  'EmCare.B22.DE81' then {
            item.answer first as a then {
                a.value as val -> tgt.value = val, tgt.status = 'final' 'val-emcareb22de81';
            } 'd40466ff';
        } 'cf976102';
    } '4ff66323';
}

group emcareobservationemcareb22de82(source src,target tgt){
        src -> tgt.identifier = create('Identifier') as CodeID,
            CodeID.system = 'http://hl7.org/fhir/namingsystem-identifier-type',
            CodeID.use =  'official',
            CodeID.value = 'uuid',
            CodeID.id = uuid()
         'id-emcareb22de82';
    src.encounter as encounter -> tgt.encounter = encounter '35bc6b82';
        src.subject as subject -> tgt.subject = subject,
            tgt.meta = create('Meta') as newMeta, newMeta.profile = 'https://fhir.dk.swisstph-mis.ch/matchbox/fhir/StructureDefinition/emcareobservation',
            tgt.code = create('CodeableConcept') as concept, concept.coding = create('Coding') as coding,
                coding.system = 'https://fhir.dk.swisstph-mis.ch/matchbox/fhir/CodeSystem/emcare-custom-codes',
                coding.code = 'EmCare.B22.DE82'
         'code-emcareb22de82';
    src.item as item where linkId  =  'timestamp' then {
        item.answer first as a then {
            a.value as val -> tgt.issued = val  '8945c96b';
        } '4272fc8b';
    } 'f4472f32';
    src.subject as subject -> tgt.subject = subject  'patient';
    src.item first as itm1  where linkId =  'EmCare.B22.Hemoglobin' then {
        itm1.item first as item  where linkId =  'EmCare.B22.DE82' then {
            item.answer first as a then {
                a  where a.value = true -> tgt.status = 'final', tgt.value = true 'final-emcareb22de82';
                a  where a.value = false -> tgt.status = 'cancelled', tgt.value = false 'notfound-emcareb22de82';
            } 'bdab9370';
        } '2823a182';
    } 'a7925945';
}

group emcareobservationemcareb22de46(source src,target tgt){
        src -> tgt.identifier = create('Identifier') as CodeID,
            CodeID.system = 'http://hl7.org/fhir/namingsystem-identifier-type',
            CodeID.use =  'official',
            CodeID.value = 'uuid',
            CodeID.id = uuid()
         'id-emcareb22de46';
    src.encounter as encounter -> tgt.encounter = encounter '35bc6b82';
        src.subject as subject -> tgt.subject = subject,
            tgt.meta = create('Meta') as newMeta, newMeta.profile = 'https://fhir.dk.swisstph-mis.ch/matchbox/fhir/StructureDefinition/emcareobservation',
            tgt.code = create('CodeableConcept') as concept, concept.coding = create('Coding') as coding,
                coding.system = 'https://fhir.dk.swisstph-mis.ch/matchbox/fhir/CodeSystem/emcare-custom-codes',
                coding.code = 'EmCare.B22.DE46'
         'code-emcareb22de46';
    src.item as item where linkId  =  'timestamp' then {
        item.answer first as a then {
            a.value as val -> tgt.issued = val  '8945c96b';
        } '4272fc8b';
    } 'f4472f32';
    src.subject as subject -> tgt.subject = subject  'patient';
    src.item first as itm1  where linkId =  'EmCare.B22.SecondTemperature' then {
        itm1.item first as item  where linkId =  'EmCare.B22.DE46' then {
            item.answer first as a then {
                a  where a.value = true -> tgt.status = 'final', tgt.value = true 'final-emcareb22de46';
                a  where a.value = false -> tgt.status = 'cancelled', tgt.value = false 'notfound-emcareb22de46';
            } 'bdab9370';
        } 'ce7ceff5';
    } '88951934';
}

group emcareobservationemcareb22de47(source src,target tgt){
        src -> tgt.identifier = create('Identifier') as CodeID,
            CodeID.system = 'http://hl7.org/fhir/namingsystem-identifier-type',
            CodeID.use =  'official',
            CodeID.value = 'uuid',
            CodeID.id = uuid()
         'id-emcareb22de47';
    src.encounter as encounter -> tgt.encounter = encounter '35bc6b82';
        src.subject as subject -> tgt.subject = subject,
            tgt.meta = create('Meta') as newMeta, newMeta.profile = 'https://fhir.dk.swisstph-mis.ch/matchbox/fhir/StructureDefinition/emcareobservation',
            tgt.code = create('CodeableConcept') as concept, concept.coding = create('Coding') as coding,
                coding.system = 'https://fhir.dk.swisstph-mis.ch/matchbox/fhir/CodeSystem/emcare-custom-codes',
                coding.code = 'EmCare.B22.DE47'
         'code-emcareb22de47';
    src.item as item where linkId  =  'timestamp' then {
        item.answer first as a then {
            a.value as val -> tgt.issued = val  '8945c96b';
        } '4272fc8b';
    } 'f4472f32';
    src.subject as subject -> tgt.subject = subject  'patient';
    src.item first as itm1  where linkId =  'EmCare.B22.SecondTemperature' then {
        itm1.item first as item  where linkId =  'EmCare.B22.DE47' then {
            item.answer first as a then {
                a.value as val  where val != 'none' -> tgt.value = val, tgt.status = 'final' 'final-emcareb22de47';
                 a  where a.value = 'none' -> tgt.status = 'cancelled'  'notfound-emcareb22de47';
            } '0a27a0eb';
        } 'd5495389';
    } 'fb61af1c';
}

group emcareobservationemcareb22de48(source src,target tgt){
        src -> tgt.identifier = create('Identifier') as CodeID,
            CodeID.system = 'http://hl7.org/fhir/namingsystem-identifier-type',
            CodeID.use =  'official',
            CodeID.value = 'uuid',
            CodeID.id = uuid()
         'id-emcareb22de48';
    src.encounter as encounter -> tgt.encounter = encounter '35bc6b82';
        src.subject as subject -> tgt.subject = subject,
            tgt.meta = create('Meta') as newMeta, newMeta.profile = 'https://fhir.dk.swisstph-mis.ch/matchbox/fhir/StructureDefinition/emcareobservation',
            tgt.code = create('CodeableConcept') as concept, concept.coding = create('Coding') as coding,
                coding.system = 'https://fhir.dk.swisstph-mis.ch/matchbox/fhir/CodeSystem/emcare-custom-codes',
                coding.code = 'EmCare.B22.DE48'
         'code-emcareb22de48';
    src.item as item where linkId  =  'timestamp' then {
        item.answer first as a then {
            a.value as val -> tgt.issued = val  '8945c96b';
        } '4272fc8b';
    } 'f4472f32';
    src.subject as subject -> tgt.subject = subject  'patient';
    src.item first as itm1  where linkId =  'EmCare.B22.SecondTemperature' then {
        itm1.item first as item  where linkId =  'EmCare.B22.DE48' then {
            item.answer first as a then {
                a.value as val  where val != 'none' -> tgt.value = val, tgt.status = 'final' 'final-emcareb22de48';
                 a  where a.value = 'none' -> tgt.status = 'cancelled'  'notfound-emcareb22de48';
            } '0a27a0eb';
        } 'fd914f8d';
    } '373b2503';
}

group emcareobservationemcareb22de49(source src,target tgt){
        src -> tgt.identifier = create('Identifier') as CodeID,
            CodeID.system = 'http://hl7.org/fhir/namingsystem-identifier-type',
            CodeID.use =  'official',
            CodeID.value = 'uuid',
            CodeID.id = uuid()
         'id-emcareb22de49';
    src.encounter as encounter -> tgt.encounter = encounter '35bc6b82';
        src.subject as subject -> tgt.subject = subject,
            tgt.meta = create('Meta') as newMeta, newMeta.profile = 'https://fhir.dk.swisstph-mis.ch/matchbox/fhir/StructureDefinition/emcareobservation',
            tgt.code = create('CodeableConcept') as concept, concept.coding = create('Coding') as coding,
                coding.system = 'https://fhir.dk.swisstph-mis.ch/matchbox/fhir/CodeSystem/emcare-custom-codes',
                coding.code = 'EmCare.B22.DE49'
         'code-emcareb22de49';
    src.item as item where linkId  =  'timestamp' then {
        item.answer first as a then {
            a.value as val -> tgt.issued = val  '8945c96b';
        } '4272fc8b';
    } 'f4472f32';
    src.subject as subject -> tgt.subject = subject  'patient';
    src.item first as itm1  where linkId =  'EmCare.B22.SecondTemperature' then {
        itm1.item first as item  where linkId =  'EmCare.B22.DE49' then {
            item.answer first as a then {
                a.value as val  where val != 'none' -> tgt.value = val, tgt.status = 'final' 'final-emcareb22de49';
                 a  where a.value = 'none' -> tgt.status = 'cancelled'  'notfound-emcareb22de49';
            } '0a27a0eb';
        } 'f6a00ded';
    } '2ce55a41';
}

group emcareobservationemcareb22de50(source src,target tgt){
        src -> tgt.identifier = create('Identifier') as CodeID,
            CodeID.system = 'http://hl7.org/fhir/namingsystem-identifier-type',
            CodeID.use =  'official',
            CodeID.value = 'uuid',
            CodeID.id = uuid()
         'id-emcareb22de50';
    src.encounter as encounter -> tgt.encounter = encounter '35bc6b82';
        src.subject as subject -> tgt.subject = subject,
            tgt.meta = create('Meta') as newMeta, newMeta.profile = 'https://fhir.dk.swisstph-mis.ch/matchbox/fhir/StructureDefinition/emcareobservation',
            tgt.code = create('CodeableConcept') as concept, concept.coding = create('Coding') as coding,
                coding.system = 'https://fhir.dk.swisstph-mis.ch/matchbox/fhir/CodeSystem/emcare-custom-codes',
                coding.code = 'EmCare.B22.DE50'
         'code-emcareb22de50';
    src.item as item where linkId  =  'timestamp' then {
        item.answer first as a then {
            a.value as val -> tgt.issued = val  '8945c96b';
        } '4272fc8b';
    } 'f4472f32';
    src.subject as subject -> tgt.subject = subject  'patient';
    src.item first as itm1  where linkId =  'EmCare.B22.SecondTemperature' then {
        itm1.item first as item  where linkId =  'EmCare.B22.DE50' then {
            item.answer first as a then {
                a.value as val  where val != 'none' -> tgt.value = val, tgt.status = 'final' 'final-emcareb22de50';
                 a  where a.value = 'none' -> tgt.status = 'cancelled'  'notfound-emcareb22de50';
            } '0a27a0eb';
        } '17dd1cfe';
    } 'ec76e93b';
}

group emcareobservationemcareb22de51(source src,target tgt){
        src -> tgt.identifier = create('Identifier') as CodeID,
            CodeID.system = 'http://hl7.org/fhir/namingsystem-identifier-type',
            CodeID.use =  'official',
            CodeID.value = 'uuid',
            CodeID.id = uuid()
         'id-emcareb22de51';
    src.encounter as encounter -> tgt.encounter = encounter '35bc6b82';
        src.subject as subject -> tgt.subject = subject,
            tgt.meta = create('Meta') as newMeta, newMeta.profile = 'https://fhir.dk.swisstph-mis.ch/matchbox/fhir/StructureDefinition/emcareobservation',
            tgt.code = create('CodeableConcept') as concept, concept.coding = create('Coding') as coding,
                coding.system = 'https://fhir.dk.swisstph-mis.ch/matchbox/fhir/CodeSystem/emcare-custom-codes',
                coding.code = 'EmCare.B22.DE51'
         'code-emcareb22de51';
    src.item as item where linkId  =  'timestamp' then {
        item.answer first as a then {
            a.value as val -> tgt.issued = val  '8945c96b';
        } '4272fc8b';
    } 'f4472f32';
    src.subject as subject -> tgt.subject = subject  'patient';
    src.item first as itm1  where linkId =  'EmCare.B22.SecondTemperature' then {
        itm1.item first as item  where linkId =  'EmCare.B22.DE51' then {
            item.answer first as a then {
                a.value as val  where val != 'none' -> tgt.value = val, tgt.status = 'final' 'final-emcareb22de51';
                 a  where a.value = 'none' -> tgt.status = 'cancelled'  'notfound-emcareb22de51';
            } '0a27a0eb';
        } 'a28f6487';
    } '4a90d446';
}

group emcareobservationemcareb22de52(source src,target tgt){
        src -> tgt.identifier = create('Identifier') as CodeID,
            CodeID.system = 'http://hl7.org/fhir/namingsystem-identifier-type',
            CodeID.use =  'official',
            CodeID.value = 'uuid',
            CodeID.id = uuid()
         'id-emcareb22de52';
    src.encounter as encounter -> tgt.encounter = encounter '35bc6b82';
        src.subject as subject -> tgt.subject = subject,
            tgt.meta = create('Meta') as newMeta, newMeta.profile = 'https://fhir.dk.swisstph-mis.ch/matchbox/fhir/StructureDefinition/emcareobservation',
            tgt.code = create('CodeableConcept') as concept, concept.coding = create('Coding') as coding,
                coding.system = 'https://fhir.dk.swisstph-mis.ch/matchbox/fhir/CodeSystem/emcare-custom-codes',
                coding.code = 'EmCare.B22.DE52'
         'code-emcareb22de52';
    src.item as item where linkId  =  'timestamp' then {
        item.answer first as a then {
            a.value as val -> tgt.issued = val  '8945c96b';
        } '4272fc8b';
    } 'f4472f32';
    src.subject as subject -> tgt.subject = subject  'patient';
    src.item first as itm1  where linkId =  'EmCare.B22.SecondTemperature' then {
        itm1.item first as item  where linkId =  'EmCare.B22.DE52' then {
            item.answer first as a then {
                a.value as val  where val != 'none' -> tgt.value = val, tgt.status = 'final' 'final-emcareb22de52';
                 a  where a.value = 'none' -> tgt.status = 'cancelled'  'notfound-emcareb22de52';
            } '0a27a0eb';
        } 'da3956ba';
    } 'e2a8d402';
}

